[2026-03-20T11:12:20.501+0000] {processor.py:161} INFO - Started process (PID=53) to work on /opt/airflow/dags/dag_parsing_salary.py
[2026-03-20T11:12:20.502+0000] {processor.py:830} INFO - Processing file /opt/airflow/dags/dag_parsing_salary.py for tasks to queue
[2026-03-20T11:12:20.503+0000] {logging_mixin.py:188} INFO - [2026-03-20T11:12:20.502+0000] {dagbag.py:545} INFO - Filling up the DagBag from /opt/airflow/dags/dag_parsing_salary.py
[2026-03-20T11:12:20.506+0000] {logging_mixin.py:188} INFO - [2026-03-20T11:12:20.504+0000] {dagbag.py:355} ERROR - Failed to import: /opt/airflow/dags/dag_parsing_salary.py
Traceback (most recent call last):
  File "/home/airflow/.local/lib/python3.11/site-packages/airflow/models/dagbag.py", line 351, in parse
    loader.exec_module(new_module)
  File "<frozen importlib._bootstrap_external>", line 940, in exec_module
  File "<frozen importlib._bootstrap>", line 241, in _call_with_frames_removed
  File "/opt/airflow/dags/dag_parsing_salary.py", line 5, in <module>
    import utils as u
  File "/opt/airflow/dags/utils.py", line 1, in <module>
    import kagglehub
ModuleNotFoundError: No module named 'kagglehub'
[2026-03-20T11:12:20.506+0000] {processor.py:842} WARNING - No viable dags retrieved from /opt/airflow/dags/dag_parsing_salary.py
[2026-03-20T11:12:20.524+0000] {processor.py:183} INFO - Processing /opt/airflow/dags/dag_parsing_salary.py took 0.027 seconds
[2026-03-20T11:12:50.793+0000] {processor.py:161} INFO - Started process (PID=60) to work on /opt/airflow/dags/dag_parsing_salary.py
[2026-03-20T11:12:50.793+0000] {processor.py:830} INFO - Processing file /opt/airflow/dags/dag_parsing_salary.py for tasks to queue
[2026-03-20T11:12:50.794+0000] {logging_mixin.py:188} INFO - [2026-03-20T11:12:50.794+0000] {dagbag.py:545} INFO - Filling up the DagBag from /opt/airflow/dags/dag_parsing_salary.py
[2026-03-20T11:12:50.798+0000] {logging_mixin.py:188} INFO - [2026-03-20T11:12:50.796+0000] {dagbag.py:355} ERROR - Failed to import: /opt/airflow/dags/dag_parsing_salary.py
Traceback (most recent call last):
  File "/home/airflow/.local/lib/python3.11/site-packages/airflow/models/dagbag.py", line 351, in parse
    loader.exec_module(new_module)
  File "<frozen importlib._bootstrap_external>", line 940, in exec_module
  File "<frozen importlib._bootstrap>", line 241, in _call_with_frames_removed
  File "/opt/airflow/dags/dag_parsing_salary.py", line 5, in <module>
    import utils as u
  File "/opt/airflow/dags/utils.py", line 1, in <module>
    import kagglehub
ModuleNotFoundError: No module named 'kagglehub'
[2026-03-20T11:12:50.798+0000] {processor.py:842} WARNING - No viable dags retrieved from /opt/airflow/dags/dag_parsing_salary.py
[2026-03-20T11:12:50.811+0000] {processor.py:183} INFO - Processing /opt/airflow/dags/dag_parsing_salary.py took 0.024 seconds
[2026-03-20T11:13:20.891+0000] {processor.py:161} INFO - Started process (PID=67) to work on /opt/airflow/dags/dag_parsing_salary.py
[2026-03-20T11:13:20.892+0000] {processor.py:830} INFO - Processing file /opt/airflow/dags/dag_parsing_salary.py for tasks to queue
[2026-03-20T11:13:20.893+0000] {logging_mixin.py:188} INFO - [2026-03-20T11:13:20.893+0000] {dagbag.py:545} INFO - Filling up the DagBag from /opt/airflow/dags/dag_parsing_salary.py
[2026-03-20T11:13:20.895+0000] {logging_mixin.py:188} INFO - [2026-03-20T11:13:20.895+0000] {dagbag.py:355} ERROR - Failed to import: /opt/airflow/dags/dag_parsing_salary.py
Traceback (most recent call last):
  File "/home/airflow/.local/lib/python3.11/site-packages/airflow/models/dagbag.py", line 351, in parse
    loader.exec_module(new_module)
  File "<frozen importlib._bootstrap_external>", line 940, in exec_module
  File "<frozen importlib._bootstrap>", line 241, in _call_with_frames_removed
  File "/opt/airflow/dags/dag_parsing_salary.py", line 5, in <module>
    import utils as u
  File "/opt/airflow/dags/utils.py", line 1, in <module>
    import kagglehub
ModuleNotFoundError: No module named 'kagglehub'
[2026-03-20T11:13:20.895+0000] {processor.py:842} WARNING - No viable dags retrieved from /opt/airflow/dags/dag_parsing_salary.py
[2026-03-20T11:13:20.911+0000] {processor.py:183} INFO - Processing /opt/airflow/dags/dag_parsing_salary.py took 0.025 seconds
[2026-03-20T11:14:53.752+0000] {processor.py:161} INFO - Started process (PID=53) to work on /opt/airflow/dags/dag_parsing_salary.py
[2026-03-20T11:14:53.752+0000] {processor.py:830} INFO - Processing file /opt/airflow/dags/dag_parsing_salary.py for tasks to queue
[2026-03-20T11:14:53.753+0000] {logging_mixin.py:188} INFO - [2026-03-20T11:14:53.753+0000] {dagbag.py:545} INFO - Filling up the DagBag from /opt/airflow/dags/dag_parsing_salary.py
[2026-03-20T11:14:53.756+0000] {logging_mixin.py:188} INFO - [2026-03-20T11:14:53.755+0000] {dagbag.py:355} ERROR - Failed to import: /opt/airflow/dags/dag_parsing_salary.py
Traceback (most recent call last):
  File "/home/airflow/.local/lib/python3.11/site-packages/airflow/models/dagbag.py", line 351, in parse
    loader.exec_module(new_module)
  File "<frozen importlib._bootstrap_external>", line 940, in exec_module
  File "<frozen importlib._bootstrap>", line 241, in _call_with_frames_removed
  File "/opt/airflow/dags/dag_parsing_salary.py", line 5, in <module>
    import utils as u
  File "/opt/airflow/dags/utils.py", line 1, in <module>
    import kagglehub
ModuleNotFoundError: No module named 'kagglehub'
[2026-03-20T11:14:53.756+0000] {processor.py:842} WARNING - No viable dags retrieved from /opt/airflow/dags/dag_parsing_salary.py
[2026-03-20T11:14:53.774+0000] {processor.py:183} INFO - Processing /opt/airflow/dags/dag_parsing_salary.py took 0.027 seconds
[2026-03-20T11:15:48.564+0000] {processor.py:161} INFO - Started process (PID=53) to work on /opt/airflow/dags/dag_parsing_salary.py
[2026-03-20T11:15:48.565+0000] {processor.py:830} INFO - Processing file /opt/airflow/dags/dag_parsing_salary.py for tasks to queue
[2026-03-20T11:15:48.568+0000] {logging_mixin.py:188} INFO - [2026-03-20T11:15:48.567+0000] {dagbag.py:545} INFO - Filling up the DagBag from /opt/airflow/dags/dag_parsing_salary.py
[2026-03-20T11:15:48.572+0000] {logging_mixin.py:188} INFO - [2026-03-20T11:15:48.570+0000] {dagbag.py:355} ERROR - Failed to import: /opt/airflow/dags/dag_parsing_salary.py
Traceback (most recent call last):
  File "/home/airflow/.local/lib/python3.11/site-packages/airflow/models/dagbag.py", line 351, in parse
    loader.exec_module(new_module)
  File "<frozen importlib._bootstrap_external>", line 940, in exec_module
  File "<frozen importlib._bootstrap>", line 241, in _call_with_frames_removed
  File "/opt/airflow/dags/dag_parsing_salary.py", line 5, in <module>
    import utils as u
  File "/opt/airflow/dags/utils.py", line 1, in <module>
    import kagglehub
ModuleNotFoundError: No module named 'kagglehub'
[2026-03-20T11:15:48.572+0000] {processor.py:842} WARNING - No viable dags retrieved from /opt/airflow/dags/dag_parsing_salary.py
[2026-03-20T11:15:48.592+0000] {processor.py:183} INFO - Processing /opt/airflow/dags/dag_parsing_salary.py took 0.034 seconds
[2026-03-20T11:16:18.841+0000] {processor.py:161} INFO - Started process (PID=60) to work on /opt/airflow/dags/dag_parsing_salary.py
[2026-03-20T11:16:18.842+0000] {processor.py:830} INFO - Processing file /opt/airflow/dags/dag_parsing_salary.py for tasks to queue
[2026-03-20T11:16:18.843+0000] {logging_mixin.py:188} INFO - [2026-03-20T11:16:18.843+0000] {dagbag.py:545} INFO - Filling up the DagBag from /opt/airflow/dags/dag_parsing_salary.py
[2026-03-20T11:16:18.845+0000] {logging_mixin.py:188} INFO - [2026-03-20T11:16:18.844+0000] {dagbag.py:355} ERROR - Failed to import: /opt/airflow/dags/dag_parsing_salary.py
Traceback (most recent call last):
  File "/home/airflow/.local/lib/python3.11/site-packages/airflow/models/dagbag.py", line 351, in parse
    loader.exec_module(new_module)
  File "<frozen importlib._bootstrap_external>", line 940, in exec_module
  File "<frozen importlib._bootstrap>", line 241, in _call_with_frames_removed
  File "/opt/airflow/dags/dag_parsing_salary.py", line 5, in <module>
    import utils as u
  File "/opt/airflow/dags/utils.py", line 1, in <module>
    import kagglehub
ModuleNotFoundError: No module named 'kagglehub'
[2026-03-20T11:16:18.845+0000] {processor.py:842} WARNING - No viable dags retrieved from /opt/airflow/dags/dag_parsing_salary.py
[2026-03-20T11:16:18.857+0000] {processor.py:183} INFO - Processing /opt/airflow/dags/dag_parsing_salary.py took 0.020 seconds
[2026-03-20T11:16:48.943+0000] {processor.py:161} INFO - Started process (PID=68) to work on /opt/airflow/dags/dag_parsing_salary.py
[2026-03-20T11:16:48.944+0000] {processor.py:830} INFO - Processing file /opt/airflow/dags/dag_parsing_salary.py for tasks to queue
[2026-03-20T11:16:48.946+0000] {logging_mixin.py:188} INFO - [2026-03-20T11:16:48.945+0000] {dagbag.py:545} INFO - Filling up the DagBag from /opt/airflow/dags/dag_parsing_salary.py
[2026-03-20T11:16:48.950+0000] {logging_mixin.py:188} INFO - [2026-03-20T11:16:48.948+0000] {dagbag.py:355} ERROR - Failed to import: /opt/airflow/dags/dag_parsing_salary.py
Traceback (most recent call last):
  File "/home/airflow/.local/lib/python3.11/site-packages/airflow/models/dagbag.py", line 351, in parse
    loader.exec_module(new_module)
  File "<frozen importlib._bootstrap_external>", line 940, in exec_module
  File "<frozen importlib._bootstrap>", line 241, in _call_with_frames_removed
  File "/opt/airflow/dags/dag_parsing_salary.py", line 5, in <module>
    import utils as u
  File "/opt/airflow/dags/utils.py", line 1, in <module>
    import kagglehub
ModuleNotFoundError: No module named 'kagglehub'
[2026-03-20T11:16:48.950+0000] {processor.py:842} WARNING - No viable dags retrieved from /opt/airflow/dags/dag_parsing_salary.py
[2026-03-20T11:16:48.969+0000] {processor.py:183} INFO - Processing /opt/airflow/dags/dag_parsing_salary.py took 0.032 seconds
[2026-03-20T11:17:19.043+0000] {processor.py:161} INFO - Started process (PID=75) to work on /opt/airflow/dags/dag_parsing_salary.py
[2026-03-20T11:17:19.044+0000] {processor.py:830} INFO - Processing file /opt/airflow/dags/dag_parsing_salary.py for tasks to queue
[2026-03-20T11:17:19.045+0000] {logging_mixin.py:188} INFO - [2026-03-20T11:17:19.045+0000] {dagbag.py:545} INFO - Filling up the DagBag from /opt/airflow/dags/dag_parsing_salary.py
[2026-03-20T11:17:19.048+0000] {logging_mixin.py:188} INFO - [2026-03-20T11:17:19.047+0000] {dagbag.py:355} ERROR - Failed to import: /opt/airflow/dags/dag_parsing_salary.py
Traceback (most recent call last):
  File "/home/airflow/.local/lib/python3.11/site-packages/airflow/models/dagbag.py", line 351, in parse
    loader.exec_module(new_module)
  File "<frozen importlib._bootstrap_external>", line 940, in exec_module
  File "<frozen importlib._bootstrap>", line 241, in _call_with_frames_removed
  File "/opt/airflow/dags/dag_parsing_salary.py", line 5, in <module>
    import utils as u
  File "/opt/airflow/dags/utils.py", line 1, in <module>
    import kagglehub
ModuleNotFoundError: No module named 'kagglehub'
[2026-03-20T11:17:19.048+0000] {processor.py:842} WARNING - No viable dags retrieved from /opt/airflow/dags/dag_parsing_salary.py
[2026-03-20T11:17:19.061+0000] {processor.py:183} INFO - Processing /opt/airflow/dags/dag_parsing_salary.py took 0.022 seconds
[2026-03-20T11:17:49.140+0000] {processor.py:161} INFO - Started process (PID=82) to work on /opt/airflow/dags/dag_parsing_salary.py
[2026-03-20T11:17:49.141+0000] {processor.py:830} INFO - Processing file /opt/airflow/dags/dag_parsing_salary.py for tasks to queue
[2026-03-20T11:17:49.142+0000] {logging_mixin.py:188} INFO - [2026-03-20T11:17:49.142+0000] {dagbag.py:545} INFO - Filling up the DagBag from /opt/airflow/dags/dag_parsing_salary.py
[2026-03-20T11:17:49.144+0000] {logging_mixin.py:188} INFO - [2026-03-20T11:17:49.143+0000] {dagbag.py:355} ERROR - Failed to import: /opt/airflow/dags/dag_parsing_salary.py
Traceback (most recent call last):
  File "/home/airflow/.local/lib/python3.11/site-packages/airflow/models/dagbag.py", line 351, in parse
    loader.exec_module(new_module)
  File "<frozen importlib._bootstrap_external>", line 940, in exec_module
  File "<frozen importlib._bootstrap>", line 241, in _call_with_frames_removed
  File "/opt/airflow/dags/dag_parsing_salary.py", line 5, in <module>
    import utils as u
  File "/opt/airflow/dags/utils.py", line 1, in <module>
    import kagglehub
ModuleNotFoundError: No module named 'kagglehub'
[2026-03-20T11:17:49.145+0000] {processor.py:842} WARNING - No viable dags retrieved from /opt/airflow/dags/dag_parsing_salary.py
[2026-03-20T11:17:49.161+0000] {processor.py:183} INFO - Processing /opt/airflow/dags/dag_parsing_salary.py took 0.026 seconds
[2026-03-20T11:18:19.254+0000] {processor.py:161} INFO - Started process (PID=89) to work on /opt/airflow/dags/dag_parsing_salary.py
[2026-03-20T11:18:19.255+0000] {processor.py:830} INFO - Processing file /opt/airflow/dags/dag_parsing_salary.py for tasks to queue
[2026-03-20T11:18:19.256+0000] {logging_mixin.py:188} INFO - [2026-03-20T11:18:19.255+0000] {dagbag.py:545} INFO - Filling up the DagBag from /opt/airflow/dags/dag_parsing_salary.py
[2026-03-20T11:18:19.259+0000] {logging_mixin.py:188} INFO - [2026-03-20T11:18:19.257+0000] {dagbag.py:355} ERROR - Failed to import: /opt/airflow/dags/dag_parsing_salary.py
Traceback (most recent call last):
  File "/home/airflow/.local/lib/python3.11/site-packages/airflow/models/dagbag.py", line 351, in parse
    loader.exec_module(new_module)
  File "<frozen importlib._bootstrap_external>", line 940, in exec_module
  File "<frozen importlib._bootstrap>", line 241, in _call_with_frames_removed
  File "/opt/airflow/dags/dag_parsing_salary.py", line 5, in <module>
    import utils as u
  File "/opt/airflow/dags/utils.py", line 1, in <module>
    import kagglehub
ModuleNotFoundError: No module named 'kagglehub'
[2026-03-20T11:18:19.260+0000] {processor.py:842} WARNING - No viable dags retrieved from /opt/airflow/dags/dag_parsing_salary.py
[2026-03-20T11:18:19.278+0000] {processor.py:183} INFO - Processing /opt/airflow/dags/dag_parsing_salary.py took 0.029 seconds
[2026-03-20T11:18:49.355+0000] {processor.py:161} INFO - Started process (PID=96) to work on /opt/airflow/dags/dag_parsing_salary.py
[2026-03-20T11:18:49.358+0000] {processor.py:830} INFO - Processing file /opt/airflow/dags/dag_parsing_salary.py for tasks to queue
[2026-03-20T11:18:49.359+0000] {logging_mixin.py:188} INFO - [2026-03-20T11:18:49.358+0000] {dagbag.py:545} INFO - Filling up the DagBag from /opt/airflow/dags/dag_parsing_salary.py
[2026-03-20T11:18:49.360+0000] {logging_mixin.py:188} INFO - [2026-03-20T11:18:49.360+0000] {dagbag.py:355} ERROR - Failed to import: /opt/airflow/dags/dag_parsing_salary.py
Traceback (most recent call last):
  File "/home/airflow/.local/lib/python3.11/site-packages/airflow/models/dagbag.py", line 351, in parse
    loader.exec_module(new_module)
  File "<frozen importlib._bootstrap_external>", line 940, in exec_module
  File "<frozen importlib._bootstrap>", line 241, in _call_with_frames_removed
  File "/opt/airflow/dags/dag_parsing_salary.py", line 5, in <module>
    import utils as u
  File "/opt/airflow/dags/utils.py", line 1, in <module>
    import kagglehub
ModuleNotFoundError: No module named 'kagglehub'
[2026-03-20T11:18:49.361+0000] {processor.py:842} WARNING - No viable dags retrieved from /opt/airflow/dags/dag_parsing_salary.py
[2026-03-20T11:18:49.377+0000] {processor.py:183} INFO - Processing /opt/airflow/dags/dag_parsing_salary.py took 0.026 seconds
[2026-03-20T11:19:42.977+0000] {processor.py:161} INFO - Started process (PID=53) to work on /opt/airflow/dags/dag_parsing_salary.py
[2026-03-20T11:19:42.978+0000] {processor.py:830} INFO - Processing file /opt/airflow/dags/dag_parsing_salary.py for tasks to queue
[2026-03-20T11:19:42.980+0000] {logging_mixin.py:188} INFO - [2026-03-20T11:19:42.980+0000] {dagbag.py:545} INFO - Filling up the DagBag from /opt/airflow/dags/dag_parsing_salary.py
[2026-03-20T11:19:42.984+0000] {logging_mixin.py:188} INFO - [2026-03-20T11:19:42.983+0000] {dagbag.py:355} ERROR - Failed to import: /opt/airflow/dags/dag_parsing_salary.py
Traceback (most recent call last):
  File "/home/airflow/.local/lib/python3.11/site-packages/airflow/models/dagbag.py", line 351, in parse
    loader.exec_module(new_module)
  File "<frozen importlib._bootstrap_external>", line 940, in exec_module
  File "<frozen importlib._bootstrap>", line 241, in _call_with_frames_removed
  File "/opt/airflow/dags/dag_parsing_salary.py", line 5, in <module>
    import utils as u
  File "/opt/airflow/dags/utils.py", line 1, in <module>
    import kagglehub
ModuleNotFoundError: No module named 'kagglehub'
[2026-03-20T11:19:42.985+0000] {processor.py:842} WARNING - No viable dags retrieved from /opt/airflow/dags/dag_parsing_salary.py
[2026-03-20T11:19:43.003+0000] {processor.py:183} INFO - Processing /opt/airflow/dags/dag_parsing_salary.py took 0.030 seconds
[2026-03-20T11:20:13.234+0000] {processor.py:161} INFO - Started process (PID=60) to work on /opt/airflow/dags/dag_parsing_salary.py
[2026-03-20T11:20:13.235+0000] {processor.py:830} INFO - Processing file /opt/airflow/dags/dag_parsing_salary.py for tasks to queue
[2026-03-20T11:20:13.236+0000] {logging_mixin.py:188} INFO - [2026-03-20T11:20:13.236+0000] {dagbag.py:545} INFO - Filling up the DagBag from /opt/airflow/dags/dag_parsing_salary.py
[2026-03-20T11:20:13.239+0000] {logging_mixin.py:188} INFO - [2026-03-20T11:20:13.238+0000] {dagbag.py:355} ERROR - Failed to import: /opt/airflow/dags/dag_parsing_salary.py
Traceback (most recent call last):
  File "/home/airflow/.local/lib/python3.11/site-packages/airflow/models/dagbag.py", line 351, in parse
    loader.exec_module(new_module)
  File "<frozen importlib._bootstrap_external>", line 940, in exec_module
  File "<frozen importlib._bootstrap>", line 241, in _call_with_frames_removed
  File "/opt/airflow/dags/dag_parsing_salary.py", line 5, in <module>
    import utils as u
  File "/opt/airflow/dags/utils.py", line 1, in <module>
    import kagglehub
ModuleNotFoundError: No module named 'kagglehub'
[2026-03-20T11:20:13.239+0000] {processor.py:842} WARNING - No viable dags retrieved from /opt/airflow/dags/dag_parsing_salary.py
[2026-03-20T11:20:13.254+0000] {processor.py:183} INFO - Processing /opt/airflow/dags/dag_parsing_salary.py took 0.025 seconds
[2026-03-20T11:20:43.339+0000] {processor.py:161} INFO - Started process (PID=67) to work on /opt/airflow/dags/dag_parsing_salary.py
[2026-03-20T11:20:43.340+0000] {processor.py:830} INFO - Processing file /opt/airflow/dags/dag_parsing_salary.py for tasks to queue
[2026-03-20T11:20:43.341+0000] {logging_mixin.py:188} INFO - [2026-03-20T11:20:43.340+0000] {dagbag.py:545} INFO - Filling up the DagBag from /opt/airflow/dags/dag_parsing_salary.py
[2026-03-20T11:20:43.343+0000] {logging_mixin.py:188} INFO - [2026-03-20T11:20:43.342+0000] {dagbag.py:355} ERROR - Failed to import: /opt/airflow/dags/dag_parsing_salary.py
Traceback (most recent call last):
  File "/home/airflow/.local/lib/python3.11/site-packages/airflow/models/dagbag.py", line 351, in parse
    loader.exec_module(new_module)
  File "<frozen importlib._bootstrap_external>", line 940, in exec_module
  File "<frozen importlib._bootstrap>", line 241, in _call_with_frames_removed
  File "/opt/airflow/dags/dag_parsing_salary.py", line 5, in <module>
    import utils as u
  File "/opt/airflow/dags/utils.py", line 1, in <module>
    import kagglehub
ModuleNotFoundError: No module named 'kagglehub'
[2026-03-20T11:20:43.343+0000] {processor.py:842} WARNING - No viable dags retrieved from /opt/airflow/dags/dag_parsing_salary.py
[2026-03-20T11:20:43.358+0000] {processor.py:183} INFO - Processing /opt/airflow/dags/dag_parsing_salary.py took 0.024 seconds
[2026-03-20T11:21:13.438+0000] {processor.py:161} INFO - Started process (PID=73) to work on /opt/airflow/dags/dag_parsing_salary.py
[2026-03-20T11:21:13.439+0000] {processor.py:830} INFO - Processing file /opt/airflow/dags/dag_parsing_salary.py for tasks to queue
[2026-03-20T11:21:13.441+0000] {logging_mixin.py:188} INFO - [2026-03-20T11:21:13.441+0000] {dagbag.py:545} INFO - Filling up the DagBag from /opt/airflow/dags/dag_parsing_salary.py
[2026-03-20T11:21:13.444+0000] {logging_mixin.py:188} INFO - [2026-03-20T11:21:13.443+0000] {dagbag.py:355} ERROR - Failed to import: /opt/airflow/dags/dag_parsing_salary.py
Traceback (most recent call last):
  File "/home/airflow/.local/lib/python3.11/site-packages/airflow/models/dagbag.py", line 351, in parse
    loader.exec_module(new_module)
  File "<frozen importlib._bootstrap_external>", line 940, in exec_module
  File "<frozen importlib._bootstrap>", line 241, in _call_with_frames_removed
  File "/opt/airflow/dags/dag_parsing_salary.py", line 5, in <module>
    import utils as u
  File "/opt/airflow/dags/utils.py", line 1, in <module>
    import kagglehub
ModuleNotFoundError: No module named 'kagglehub'
[2026-03-20T11:21:13.445+0000] {processor.py:842} WARNING - No viable dags retrieved from /opt/airflow/dags/dag_parsing_salary.py
[2026-03-20T11:21:13.460+0000] {processor.py:183} INFO - Processing /opt/airflow/dags/dag_parsing_salary.py took 0.030 seconds
[2026-03-20T11:21:43.539+0000] {processor.py:161} INFO - Started process (PID=80) to work on /opt/airflow/dags/dag_parsing_salary.py
[2026-03-20T11:21:43.540+0000] {processor.py:830} INFO - Processing file /opt/airflow/dags/dag_parsing_salary.py for tasks to queue
[2026-03-20T11:21:43.541+0000] {logging_mixin.py:188} INFO - [2026-03-20T11:21:43.541+0000] {dagbag.py:545} INFO - Filling up the DagBag from /opt/airflow/dags/dag_parsing_salary.py
[2026-03-20T11:21:43.543+0000] {logging_mixin.py:188} INFO - [2026-03-20T11:21:43.542+0000] {dagbag.py:355} ERROR - Failed to import: /opt/airflow/dags/dag_parsing_salary.py
Traceback (most recent call last):
  File "/home/airflow/.local/lib/python3.11/site-packages/airflow/models/dagbag.py", line 351, in parse
    loader.exec_module(new_module)
  File "<frozen importlib._bootstrap_external>", line 940, in exec_module
  File "<frozen importlib._bootstrap>", line 241, in _call_with_frames_removed
  File "/opt/airflow/dags/dag_parsing_salary.py", line 5, in <module>
    import utils as u
  File "/opt/airflow/dags/utils.py", line 1, in <module>
    import kagglehub
ModuleNotFoundError: No module named 'kagglehub'
[2026-03-20T11:21:43.543+0000] {processor.py:842} WARNING - No viable dags retrieved from /opt/airflow/dags/dag_parsing_salary.py
[2026-03-20T11:21:43.560+0000] {processor.py:183} INFO - Processing /opt/airflow/dags/dag_parsing_salary.py took 0.025 seconds
[2026-03-20T11:22:28.144+0000] {processor.py:161} INFO - Started process (PID=54) to work on /opt/airflow/dags/dag_parsing_salary.py
[2026-03-20T11:22:28.145+0000] {processor.py:830} INFO - Processing file /opt/airflow/dags/dag_parsing_salary.py for tasks to queue
[2026-03-20T11:22:28.147+0000] {logging_mixin.py:188} INFO - [2026-03-20T11:22:28.147+0000] {dagbag.py:545} INFO - Filling up the DagBag from /opt/airflow/dags/dag_parsing_salary.py
[2026-03-20T11:22:28.151+0000] {logging_mixin.py:188} INFO - [2026-03-20T11:22:28.149+0000] {dagbag.py:355} ERROR - Failed to import: /opt/airflow/dags/dag_parsing_salary.py
Traceback (most recent call last):
  File "/home/airflow/.local/lib/python3.11/site-packages/airflow/models/dagbag.py", line 351, in parse
    loader.exec_module(new_module)
  File "<frozen importlib._bootstrap_external>", line 940, in exec_module
  File "<frozen importlib._bootstrap>", line 241, in _call_with_frames_removed
  File "/opt/airflow/dags/dag_parsing_salary.py", line 5, in <module>
    import utils as u
  File "/opt/airflow/dags/utils.py", line 1, in <module>
    import kagglehub
ModuleNotFoundError: No module named 'kagglehub'
[2026-03-20T11:22:28.151+0000] {processor.py:842} WARNING - No viable dags retrieved from /opt/airflow/dags/dag_parsing_salary.py
[2026-03-20T11:22:28.172+0000] {processor.py:183} INFO - Processing /opt/airflow/dags/dag_parsing_salary.py took 0.034 seconds
[2026-03-20T11:22:58.424+0000] {processor.py:161} INFO - Started process (PID=61) to work on /opt/airflow/dags/dag_parsing_salary.py
[2026-03-20T11:22:58.424+0000] {processor.py:830} INFO - Processing file /opt/airflow/dags/dag_parsing_salary.py for tasks to queue
[2026-03-20T11:22:58.425+0000] {logging_mixin.py:188} INFO - [2026-03-20T11:22:58.425+0000] {dagbag.py:545} INFO - Filling up the DagBag from /opt/airflow/dags/dag_parsing_salary.py
[2026-03-20T11:22:58.429+0000] {logging_mixin.py:188} INFO - [2026-03-20T11:22:58.427+0000] {dagbag.py:355} ERROR - Failed to import: /opt/airflow/dags/dag_parsing_salary.py
Traceback (most recent call last):
  File "/home/airflow/.local/lib/python3.11/site-packages/airflow/models/dagbag.py", line 351, in parse
    loader.exec_module(new_module)
  File "<frozen importlib._bootstrap_external>", line 940, in exec_module
  File "<frozen importlib._bootstrap>", line 241, in _call_with_frames_removed
  File "/opt/airflow/dags/dag_parsing_salary.py", line 5, in <module>
    import utils as u
  File "/opt/airflow/dags/utils.py", line 1, in <module>
    import kagglehub
ModuleNotFoundError: No module named 'kagglehub'
[2026-03-20T11:22:58.429+0000] {processor.py:842} WARNING - No viable dags retrieved from /opt/airflow/dags/dag_parsing_salary.py
[2026-03-20T11:22:58.445+0000] {processor.py:183} INFO - Processing /opt/airflow/dags/dag_parsing_salary.py took 0.027 seconds
[2026-03-20T11:23:28.524+0000] {processor.py:161} INFO - Started process (PID=68) to work on /opt/airflow/dags/dag_parsing_salary.py
[2026-03-20T11:23:28.525+0000] {processor.py:830} INFO - Processing file /opt/airflow/dags/dag_parsing_salary.py for tasks to queue
[2026-03-20T11:23:28.526+0000] {logging_mixin.py:188} INFO - [2026-03-20T11:23:28.526+0000] {dagbag.py:545} INFO - Filling up the DagBag from /opt/airflow/dags/dag_parsing_salary.py
[2026-03-20T11:23:28.528+0000] {logging_mixin.py:188} INFO - [2026-03-20T11:23:28.527+0000] {dagbag.py:355} ERROR - Failed to import: /opt/airflow/dags/dag_parsing_salary.py
Traceback (most recent call last):
  File "/home/airflow/.local/lib/python3.11/site-packages/airflow/models/dagbag.py", line 351, in parse
    loader.exec_module(new_module)
  File "<frozen importlib._bootstrap_external>", line 940, in exec_module
  File "<frozen importlib._bootstrap>", line 241, in _call_with_frames_removed
  File "/opt/airflow/dags/dag_parsing_salary.py", line 5, in <module>
    import utils as u
  File "/opt/airflow/dags/utils.py", line 1, in <module>
    import kagglehub
ModuleNotFoundError: No module named 'kagglehub'
[2026-03-20T11:23:28.528+0000] {processor.py:842} WARNING - No viable dags retrieved from /opt/airflow/dags/dag_parsing_salary.py
[2026-03-20T11:23:28.542+0000] {processor.py:183} INFO - Processing /opt/airflow/dags/dag_parsing_salary.py took 0.023 seconds
[2026-03-20T11:23:58.626+0000] {processor.py:161} INFO - Started process (PID=75) to work on /opt/airflow/dags/dag_parsing_salary.py
[2026-03-20T11:23:58.627+0000] {processor.py:830} INFO - Processing file /opt/airflow/dags/dag_parsing_salary.py for tasks to queue
[2026-03-20T11:23:58.628+0000] {logging_mixin.py:188} INFO - [2026-03-20T11:23:58.628+0000] {dagbag.py:545} INFO - Filling up the DagBag from /opt/airflow/dags/dag_parsing_salary.py
[2026-03-20T11:23:58.632+0000] {logging_mixin.py:188} INFO - [2026-03-20T11:23:58.630+0000] {dagbag.py:355} ERROR - Failed to import: /opt/airflow/dags/dag_parsing_salary.py
Traceback (most recent call last):
  File "/home/airflow/.local/lib/python3.11/site-packages/airflow/models/dagbag.py", line 351, in parse
    loader.exec_module(new_module)
  File "<frozen importlib._bootstrap_external>", line 940, in exec_module
  File "<frozen importlib._bootstrap>", line 241, in _call_with_frames_removed
  File "/opt/airflow/dags/dag_parsing_salary.py", line 5, in <module>
    import utils as u
  File "/opt/airflow/dags/utils.py", line 1, in <module>
    import kagglehub
ModuleNotFoundError: No module named 'kagglehub'
[2026-03-20T11:23:58.633+0000] {processor.py:842} WARNING - No viable dags retrieved from /opt/airflow/dags/dag_parsing_salary.py
[2026-03-20T11:23:58.653+0000] {processor.py:183} INFO - Processing /opt/airflow/dags/dag_parsing_salary.py took 0.034 seconds
[2026-03-20T11:24:28.719+0000] {processor.py:161} INFO - Started process (PID=82) to work on /opt/airflow/dags/dag_parsing_salary.py
[2026-03-20T11:24:28.722+0000] {processor.py:830} INFO - Processing file /opt/airflow/dags/dag_parsing_salary.py for tasks to queue
[2026-03-20T11:24:28.723+0000] {logging_mixin.py:188} INFO - [2026-03-20T11:24:28.723+0000] {dagbag.py:545} INFO - Filling up the DagBag from /opt/airflow/dags/dag_parsing_salary.py
[2026-03-20T11:24:28.725+0000] {logging_mixin.py:188} INFO - [2026-03-20T11:24:28.724+0000] {dagbag.py:355} ERROR - Failed to import: /opt/airflow/dags/dag_parsing_salary.py
Traceback (most recent call last):
  File "/home/airflow/.local/lib/python3.11/site-packages/airflow/models/dagbag.py", line 351, in parse
    loader.exec_module(new_module)
  File "<frozen importlib._bootstrap_external>", line 940, in exec_module
  File "<frozen importlib._bootstrap>", line 241, in _call_with_frames_removed
  File "/opt/airflow/dags/dag_parsing_salary.py", line 5, in <module>
    import utils as u
  File "/opt/airflow/dags/utils.py", line 1, in <module>
    import kagglehub
ModuleNotFoundError: No module named 'kagglehub'
[2026-03-20T11:24:28.725+0000] {processor.py:842} WARNING - No viable dags retrieved from /opt/airflow/dags/dag_parsing_salary.py
[2026-03-20T11:24:28.741+0000] {processor.py:183} INFO - Processing /opt/airflow/dags/dag_parsing_salary.py took 0.026 seconds
[2026-03-20T11:24:58.825+0000] {processor.py:161} INFO - Started process (PID=89) to work on /opt/airflow/dags/dag_parsing_salary.py
[2026-03-20T11:24:58.826+0000] {processor.py:830} INFO - Processing file /opt/airflow/dags/dag_parsing_salary.py for tasks to queue
[2026-03-20T11:24:58.826+0000] {logging_mixin.py:188} INFO - [2026-03-20T11:24:58.826+0000] {dagbag.py:545} INFO - Filling up the DagBag from /opt/airflow/dags/dag_parsing_salary.py
[2026-03-20T11:24:58.828+0000] {logging_mixin.py:188} INFO - [2026-03-20T11:24:58.828+0000] {dagbag.py:355} ERROR - Failed to import: /opt/airflow/dags/dag_parsing_salary.py
Traceback (most recent call last):
  File "/home/airflow/.local/lib/python3.11/site-packages/airflow/models/dagbag.py", line 351, in parse
    loader.exec_module(new_module)
  File "<frozen importlib._bootstrap_external>", line 940, in exec_module
  File "<frozen importlib._bootstrap>", line 241, in _call_with_frames_removed
  File "/opt/airflow/dags/dag_parsing_salary.py", line 5, in <module>
    import utils as u
  File "/opt/airflow/dags/utils.py", line 1, in <module>
    import kagglehub
ModuleNotFoundError: No module named 'kagglehub'
[2026-03-20T11:24:58.829+0000] {processor.py:842} WARNING - No viable dags retrieved from /opt/airflow/dags/dag_parsing_salary.py
[2026-03-20T11:24:58.845+0000] {processor.py:183} INFO - Processing /opt/airflow/dags/dag_parsing_salary.py took 0.024 seconds
[2026-03-20T11:25:28.924+0000] {processor.py:161} INFO - Started process (PID=95) to work on /opt/airflow/dags/dag_parsing_salary.py
[2026-03-20T11:25:28.927+0000] {processor.py:830} INFO - Processing file /opt/airflow/dags/dag_parsing_salary.py for tasks to queue
[2026-03-20T11:25:28.928+0000] {logging_mixin.py:188} INFO - [2026-03-20T11:25:28.928+0000] {dagbag.py:545} INFO - Filling up the DagBag from /opt/airflow/dags/dag_parsing_salary.py
[2026-03-20T11:25:28.931+0000] {logging_mixin.py:188} INFO - [2026-03-20T11:25:28.930+0000] {dagbag.py:355} ERROR - Failed to import: /opt/airflow/dags/dag_parsing_salary.py
Traceback (most recent call last):
  File "/home/airflow/.local/lib/python3.11/site-packages/airflow/models/dagbag.py", line 351, in parse
    loader.exec_module(new_module)
  File "<frozen importlib._bootstrap_external>", line 940, in exec_module
  File "<frozen importlib._bootstrap>", line 241, in _call_with_frames_removed
  File "/opt/airflow/dags/dag_parsing_salary.py", line 5, in <module>
    import utils as u
  File "/opt/airflow/dags/utils.py", line 1, in <module>
    import kagglehub
ModuleNotFoundError: No module named 'kagglehub'
[2026-03-20T11:25:28.931+0000] {processor.py:842} WARNING - No viable dags retrieved from /opt/airflow/dags/dag_parsing_salary.py
[2026-03-20T11:25:28.949+0000] {processor.py:183} INFO - Processing /opt/airflow/dags/dag_parsing_salary.py took 0.030 seconds
[2026-03-20T11:25:59.033+0000] {processor.py:161} INFO - Started process (PID=102) to work on /opt/airflow/dags/dag_parsing_salary.py
[2026-03-20T11:25:59.033+0000] {processor.py:830} INFO - Processing file /opt/airflow/dags/dag_parsing_salary.py for tasks to queue
[2026-03-20T11:25:59.035+0000] {logging_mixin.py:188} INFO - [2026-03-20T11:25:59.035+0000] {dagbag.py:545} INFO - Filling up the DagBag from /opt/airflow/dags/dag_parsing_salary.py
[2026-03-20T11:25:59.038+0000] {logging_mixin.py:188} INFO - [2026-03-20T11:25:59.037+0000] {dagbag.py:355} ERROR - Failed to import: /opt/airflow/dags/dag_parsing_salary.py
Traceback (most recent call last):
  File "/home/airflow/.local/lib/python3.11/site-packages/airflow/models/dagbag.py", line 351, in parse
    loader.exec_module(new_module)
  File "<frozen importlib._bootstrap_external>", line 940, in exec_module
  File "<frozen importlib._bootstrap>", line 241, in _call_with_frames_removed
  File "/opt/airflow/dags/dag_parsing_salary.py", line 5, in <module>
    import utils as u
  File "/opt/airflow/dags/utils.py", line 1, in <module>
    import kagglehub
ModuleNotFoundError: No module named 'kagglehub'
[2026-03-20T11:25:59.038+0000] {processor.py:842} WARNING - No viable dags retrieved from /opt/airflow/dags/dag_parsing_salary.py
[2026-03-20T11:25:59.061+0000] {processor.py:183} INFO - Processing /opt/airflow/dags/dag_parsing_salary.py took 0.033 seconds
[2026-03-20T11:26:29.138+0000] {processor.py:161} INFO - Started process (PID=109) to work on /opt/airflow/dags/dag_parsing_salary.py
[2026-03-20T11:26:29.139+0000] {processor.py:830} INFO - Processing file /opt/airflow/dags/dag_parsing_salary.py for tasks to queue
[2026-03-20T11:26:29.141+0000] {logging_mixin.py:188} INFO - [2026-03-20T11:26:29.141+0000] {dagbag.py:545} INFO - Filling up the DagBag from /opt/airflow/dags/dag_parsing_salary.py
[2026-03-20T11:26:29.144+0000] {logging_mixin.py:188} INFO - [2026-03-20T11:26:29.143+0000] {dagbag.py:355} ERROR - Failed to import: /opt/airflow/dags/dag_parsing_salary.py
Traceback (most recent call last):
  File "/home/airflow/.local/lib/python3.11/site-packages/airflow/models/dagbag.py", line 351, in parse
    loader.exec_module(new_module)
  File "<frozen importlib._bootstrap_external>", line 940, in exec_module
  File "<frozen importlib._bootstrap>", line 241, in _call_with_frames_removed
  File "/opt/airflow/dags/dag_parsing_salary.py", line 5, in <module>
    import utils as u
  File "/opt/airflow/dags/utils.py", line 1, in <module>
    import kagglehub
ModuleNotFoundError: No module named 'kagglehub'
[2026-03-20T11:26:29.144+0000] {processor.py:842} WARNING - No viable dags retrieved from /opt/airflow/dags/dag_parsing_salary.py
[2026-03-20T11:26:29.161+0000] {processor.py:183} INFO - Processing /opt/airflow/dags/dag_parsing_salary.py took 0.027 seconds
[2026-03-20T11:26:59.246+0000] {processor.py:161} INFO - Started process (PID=116) to work on /opt/airflow/dags/dag_parsing_salary.py
[2026-03-20T11:26:59.246+0000] {processor.py:830} INFO - Processing file /opt/airflow/dags/dag_parsing_salary.py for tasks to queue
[2026-03-20T11:26:59.247+0000] {logging_mixin.py:188} INFO - [2026-03-20T11:26:59.247+0000] {dagbag.py:545} INFO - Filling up the DagBag from /opt/airflow/dags/dag_parsing_salary.py
[2026-03-20T11:26:59.249+0000] {logging_mixin.py:188} INFO - [2026-03-20T11:26:59.249+0000] {dagbag.py:355} ERROR - Failed to import: /opt/airflow/dags/dag_parsing_salary.py
Traceback (most recent call last):
  File "/home/airflow/.local/lib/python3.11/site-packages/airflow/models/dagbag.py", line 351, in parse
    loader.exec_module(new_module)
  File "<frozen importlib._bootstrap_external>", line 940, in exec_module
  File "<frozen importlib._bootstrap>", line 241, in _call_with_frames_removed
  File "/opt/airflow/dags/dag_parsing_salary.py", line 5, in <module>
    import utils as u
  File "/opt/airflow/dags/utils.py", line 1, in <module>
    import kagglehub
ModuleNotFoundError: No module named 'kagglehub'
[2026-03-20T11:26:59.250+0000] {processor.py:842} WARNING - No viable dags retrieved from /opt/airflow/dags/dag_parsing_salary.py
[2026-03-20T11:26:59.269+0000] {processor.py:183} INFO - Processing /opt/airflow/dags/dag_parsing_salary.py took 0.030 seconds
[2026-03-20T11:27:29.364+0000] {processor.py:161} INFO - Started process (PID=123) to work on /opt/airflow/dags/dag_parsing_salary.py
[2026-03-20T11:27:29.367+0000] {processor.py:830} INFO - Processing file /opt/airflow/dags/dag_parsing_salary.py for tasks to queue
[2026-03-20T11:27:29.369+0000] {logging_mixin.py:188} INFO - [2026-03-20T11:27:29.369+0000] {dagbag.py:545} INFO - Filling up the DagBag from /opt/airflow/dags/dag_parsing_salary.py
[2026-03-20T11:27:29.372+0000] {logging_mixin.py:188} INFO - [2026-03-20T11:27:29.371+0000] {dagbag.py:355} ERROR - Failed to import: /opt/airflow/dags/dag_parsing_salary.py
Traceback (most recent call last):
  File "/home/airflow/.local/lib/python3.11/site-packages/airflow/models/dagbag.py", line 351, in parse
    loader.exec_module(new_module)
  File "<frozen importlib._bootstrap_external>", line 940, in exec_module
  File "<frozen importlib._bootstrap>", line 241, in _call_with_frames_removed
  File "/opt/airflow/dags/dag_parsing_salary.py", line 5, in <module>
    import utils as u
  File "/opt/airflow/dags/utils.py", line 1, in <module>
    import kagglehub
ModuleNotFoundError: No module named 'kagglehub'
[2026-03-20T11:27:29.373+0000] {processor.py:842} WARNING - No viable dags retrieved from /opt/airflow/dags/dag_parsing_salary.py
[2026-03-20T11:27:29.390+0000] {processor.py:183} INFO - Processing /opt/airflow/dags/dag_parsing_salary.py took 0.032 seconds
[2026-03-20T11:27:59.465+0000] {processor.py:161} INFO - Started process (PID=130) to work on /opt/airflow/dags/dag_parsing_salary.py
[2026-03-20T11:27:59.468+0000] {processor.py:830} INFO - Processing file /opt/airflow/dags/dag_parsing_salary.py for tasks to queue
[2026-03-20T11:27:59.470+0000] {logging_mixin.py:188} INFO - [2026-03-20T11:27:59.469+0000] {dagbag.py:545} INFO - Filling up the DagBag from /opt/airflow/dags/dag_parsing_salary.py
[2026-03-20T11:27:59.472+0000] {logging_mixin.py:188} INFO - [2026-03-20T11:27:59.471+0000] {dagbag.py:355} ERROR - Failed to import: /opt/airflow/dags/dag_parsing_salary.py
Traceback (most recent call last):
  File "/home/airflow/.local/lib/python3.11/site-packages/airflow/models/dagbag.py", line 351, in parse
    loader.exec_module(new_module)
  File "<frozen importlib._bootstrap_external>", line 940, in exec_module
  File "<frozen importlib._bootstrap>", line 241, in _call_with_frames_removed
  File "/opt/airflow/dags/dag_parsing_salary.py", line 5, in <module>
    import utils as u
  File "/opt/airflow/dags/utils.py", line 1, in <module>
    import kagglehub
ModuleNotFoundError: No module named 'kagglehub'
[2026-03-20T11:27:59.472+0000] {processor.py:842} WARNING - No viable dags retrieved from /opt/airflow/dags/dag_parsing_salary.py
[2026-03-20T11:27:59.487+0000] {processor.py:183} INFO - Processing /opt/airflow/dags/dag_parsing_salary.py took 0.026 seconds
[2026-03-20T11:29:05.551+0000] {processor.py:161} INFO - Started process (PID=53) to work on /opt/airflow/dags/dag_parsing_salary.py
[2026-03-20T11:29:05.552+0000] {processor.py:830} INFO - Processing file /opt/airflow/dags/dag_parsing_salary.py for tasks to queue
[2026-03-20T11:29:05.554+0000] {logging_mixin.py:188} INFO - [2026-03-20T11:29:05.554+0000] {dagbag.py:545} INFO - Filling up the DagBag from /opt/airflow/dags/dag_parsing_salary.py
[2026-03-20T11:29:05.557+0000] {logging_mixin.py:188} INFO - [2026-03-20T11:29:05.556+0000] {dagbag.py:355} ERROR - Failed to import: /opt/airflow/dags/dag_parsing_salary.py
Traceback (most recent call last):
  File "/home/airflow/.local/lib/python3.11/site-packages/airflow/models/dagbag.py", line 351, in parse
    loader.exec_module(new_module)
  File "<frozen importlib._bootstrap_external>", line 940, in exec_module
  File "<frozen importlib._bootstrap>", line 241, in _call_with_frames_removed
  File "/opt/airflow/dags/dag_parsing_salary.py", line 5, in <module>
    import utils as u
  File "/opt/airflow/dags/utils.py", line 1, in <module>
    import kagglehub
ModuleNotFoundError: No module named 'kagglehub'
[2026-03-20T11:29:05.557+0000] {processor.py:842} WARNING - No viable dags retrieved from /opt/airflow/dags/dag_parsing_salary.py
[2026-03-20T11:29:05.577+0000] {processor.py:183} INFO - Processing /opt/airflow/dags/dag_parsing_salary.py took 0.031 seconds
[2026-03-20T11:29:35.838+0000] {processor.py:161} INFO - Started process (PID=60) to work on /opt/airflow/dags/dag_parsing_salary.py
[2026-03-20T11:29:35.838+0000] {processor.py:830} INFO - Processing file /opt/airflow/dags/dag_parsing_salary.py for tasks to queue
[2026-03-20T11:29:35.839+0000] {logging_mixin.py:188} INFO - [2026-03-20T11:29:35.839+0000] {dagbag.py:545} INFO - Filling up the DagBag from /opt/airflow/dags/dag_parsing_salary.py
[2026-03-20T11:29:35.842+0000] {logging_mixin.py:188} INFO - [2026-03-20T11:29:35.841+0000] {dagbag.py:355} ERROR - Failed to import: /opt/airflow/dags/dag_parsing_salary.py
Traceback (most recent call last):
  File "/home/airflow/.local/lib/python3.11/site-packages/airflow/models/dagbag.py", line 351, in parse
    loader.exec_module(new_module)
  File "<frozen importlib._bootstrap_external>", line 940, in exec_module
  File "<frozen importlib._bootstrap>", line 241, in _call_with_frames_removed
  File "/opt/airflow/dags/dag_parsing_salary.py", line 5, in <module>
    import utils as u
  File "/opt/airflow/dags/utils.py", line 1, in <module>
    import kagglehub
ModuleNotFoundError: No module named 'kagglehub'
[2026-03-20T11:29:35.843+0000] {processor.py:842} WARNING - No viable dags retrieved from /opt/airflow/dags/dag_parsing_salary.py
[2026-03-20T11:29:35.859+0000] {processor.py:183} INFO - Processing /opt/airflow/dags/dag_parsing_salary.py took 0.026 seconds
[2026-03-20T11:30:05.932+0000] {processor.py:161} INFO - Started process (PID=67) to work on /opt/airflow/dags/dag_parsing_salary.py
[2026-03-20T11:30:05.935+0000] {processor.py:830} INFO - Processing file /opt/airflow/dags/dag_parsing_salary.py for tasks to queue
[2026-03-20T11:30:05.936+0000] {logging_mixin.py:188} INFO - [2026-03-20T11:30:05.936+0000] {dagbag.py:545} INFO - Filling up the DagBag from /opt/airflow/dags/dag_parsing_salary.py
[2026-03-20T11:30:05.938+0000] {logging_mixin.py:188} INFO - [2026-03-20T11:30:05.938+0000] {dagbag.py:355} ERROR - Failed to import: /opt/airflow/dags/dag_parsing_salary.py
Traceback (most recent call last):
  File "/home/airflow/.local/lib/python3.11/site-packages/airflow/models/dagbag.py", line 351, in parse
    loader.exec_module(new_module)
  File "<frozen importlib._bootstrap_external>", line 940, in exec_module
  File "<frozen importlib._bootstrap>", line 241, in _call_with_frames_removed
  File "/opt/airflow/dags/dag_parsing_salary.py", line 5, in <module>
    import utils as u
  File "/opt/airflow/dags/utils.py", line 1, in <module>
    import kagglehub
ModuleNotFoundError: No module named 'kagglehub'
[2026-03-20T11:30:05.939+0000] {processor.py:842} WARNING - No viable dags retrieved from /opt/airflow/dags/dag_parsing_salary.py
[2026-03-20T11:30:05.952+0000] {processor.py:183} INFO - Processing /opt/airflow/dags/dag_parsing_salary.py took 0.024 seconds
[2026-03-20T11:30:36.029+0000] {processor.py:161} INFO - Started process (PID=74) to work on /opt/airflow/dags/dag_parsing_salary.py
[2026-03-20T11:30:36.030+0000] {processor.py:830} INFO - Processing file /opt/airflow/dags/dag_parsing_salary.py for tasks to queue
[2026-03-20T11:30:36.031+0000] {logging_mixin.py:188} INFO - [2026-03-20T11:30:36.030+0000] {dagbag.py:545} INFO - Filling up the DagBag from /opt/airflow/dags/dag_parsing_salary.py
[2026-03-20T11:30:36.033+0000] {logging_mixin.py:188} INFO - [2026-03-20T11:30:36.032+0000] {dagbag.py:355} ERROR - Failed to import: /opt/airflow/dags/dag_parsing_salary.py
Traceback (most recent call last):
  File "/home/airflow/.local/lib/python3.11/site-packages/airflow/models/dagbag.py", line 351, in parse
    loader.exec_module(new_module)
  File "<frozen importlib._bootstrap_external>", line 940, in exec_module
  File "<frozen importlib._bootstrap>", line 241, in _call_with_frames_removed
  File "/opt/airflow/dags/dag_parsing_salary.py", line 5, in <module>
    import utils as u
  File "/opt/airflow/dags/utils.py", line 1, in <module>
    import kagglehub
ModuleNotFoundError: No module named 'kagglehub'
[2026-03-20T11:30:36.033+0000] {processor.py:842} WARNING - No viable dags retrieved from /opt/airflow/dags/dag_parsing_salary.py
[2026-03-20T11:30:36.049+0000] {processor.py:183} INFO - Processing /opt/airflow/dags/dag_parsing_salary.py took 0.025 seconds
[2026-03-20T11:31:32.691+0000] {processor.py:161} INFO - Started process (PID=53) to work on /opt/airflow/dags/dag_parsing_salary.py
[2026-03-20T11:31:32.692+0000] {processor.py:830} INFO - Processing file /opt/airflow/dags/dag_parsing_salary.py for tasks to queue
[2026-03-20T11:31:32.694+0000] {logging_mixin.py:188} INFO - [2026-03-20T11:31:32.693+0000] {dagbag.py:545} INFO - Filling up the DagBag from /opt/airflow/dags/dag_parsing_salary.py
[2026-03-20T11:31:32.696+0000] {logging_mixin.py:188} INFO - [2026-03-20T11:31:32.695+0000] {dagbag.py:355} ERROR - Failed to import: /opt/airflow/dags/dag_parsing_salary.py
Traceback (most recent call last):
  File "/home/airflow/.local/lib/python3.11/site-packages/airflow/models/dagbag.py", line 351, in parse
    loader.exec_module(new_module)
  File "<frozen importlib._bootstrap_external>", line 940, in exec_module
  File "<frozen importlib._bootstrap>", line 241, in _call_with_frames_removed
  File "/opt/airflow/dags/dag_parsing_salary.py", line 5, in <module>
    import utils as u
  File "/opt/airflow/dags/utils.py", line 1, in <module>
    import kagglehub
ModuleNotFoundError: No module named 'kagglehub'
[2026-03-20T11:31:32.697+0000] {processor.py:842} WARNING - No viable dags retrieved from /opt/airflow/dags/dag_parsing_salary.py
[2026-03-20T11:31:32.719+0000] {processor.py:183} INFO - Processing /opt/airflow/dags/dag_parsing_salary.py took 0.035 seconds
[2026-03-20T11:32:02.966+0000] {processor.py:161} INFO - Started process (PID=60) to work on /opt/airflow/dags/dag_parsing_salary.py
[2026-03-20T11:32:02.969+0000] {processor.py:830} INFO - Processing file /opt/airflow/dags/dag_parsing_salary.py for tasks to queue
[2026-03-20T11:32:02.970+0000] {logging_mixin.py:188} INFO - [2026-03-20T11:32:02.969+0000] {dagbag.py:545} INFO - Filling up the DagBag from /opt/airflow/dags/dag_parsing_salary.py
[2026-03-20T11:32:02.972+0000] {logging_mixin.py:188} INFO - [2026-03-20T11:32:02.971+0000] {dagbag.py:355} ERROR - Failed to import: /opt/airflow/dags/dag_parsing_salary.py
Traceback (most recent call last):
  File "/home/airflow/.local/lib/python3.11/site-packages/airflow/models/dagbag.py", line 351, in parse
    loader.exec_module(new_module)
  File "<frozen importlib._bootstrap_external>", line 940, in exec_module
  File "<frozen importlib._bootstrap>", line 241, in _call_with_frames_removed
  File "/opt/airflow/dags/dag_parsing_salary.py", line 5, in <module>
    import utils as u
  File "/opt/airflow/dags/utils.py", line 1, in <module>
    import kagglehub
ModuleNotFoundError: No module named 'kagglehub'
[2026-03-20T11:32:02.972+0000] {processor.py:842} WARNING - No viable dags retrieved from /opt/airflow/dags/dag_parsing_salary.py
[2026-03-20T11:32:02.993+0000] {processor.py:183} INFO - Processing /opt/airflow/dags/dag_parsing_salary.py took 0.031 seconds
[2026-03-20T11:32:33.059+0000] {processor.py:161} INFO - Started process (PID=67) to work on /opt/airflow/dags/dag_parsing_salary.py
[2026-03-20T11:32:33.062+0000] {processor.py:830} INFO - Processing file /opt/airflow/dags/dag_parsing_salary.py for tasks to queue
[2026-03-20T11:32:33.063+0000] {logging_mixin.py:188} INFO - [2026-03-20T11:32:33.063+0000] {dagbag.py:545} INFO - Filling up the DagBag from /opt/airflow/dags/dag_parsing_salary.py
[2026-03-20T11:32:33.065+0000] {logging_mixin.py:188} INFO - [2026-03-20T11:32:33.064+0000] {dagbag.py:355} ERROR - Failed to import: /opt/airflow/dags/dag_parsing_salary.py
Traceback (most recent call last):
  File "/home/airflow/.local/lib/python3.11/site-packages/airflow/models/dagbag.py", line 351, in parse
    loader.exec_module(new_module)
  File "<frozen importlib._bootstrap_external>", line 940, in exec_module
  File "<frozen importlib._bootstrap>", line 241, in _call_with_frames_removed
  File "/opt/airflow/dags/dag_parsing_salary.py", line 5, in <module>
    import utils as u
  File "/opt/airflow/dags/utils.py", line 1, in <module>
    import kagglehub
ModuleNotFoundError: No module named 'kagglehub'
[2026-03-20T11:32:33.065+0000] {processor.py:842} WARNING - No viable dags retrieved from /opt/airflow/dags/dag_parsing_salary.py
[2026-03-20T11:32:33.076+0000] {processor.py:183} INFO - Processing /opt/airflow/dags/dag_parsing_salary.py took 0.023 seconds
[2026-03-20T11:33:03.163+0000] {processor.py:161} INFO - Started process (PID=74) to work on /opt/airflow/dags/dag_parsing_salary.py
[2026-03-20T11:33:03.166+0000] {processor.py:830} INFO - Processing file /opt/airflow/dags/dag_parsing_salary.py for tasks to queue
[2026-03-20T11:33:03.167+0000] {logging_mixin.py:188} INFO - [2026-03-20T11:33:03.167+0000] {dagbag.py:545} INFO - Filling up the DagBag from /opt/airflow/dags/dag_parsing_salary.py
[2026-03-20T11:33:03.169+0000] {logging_mixin.py:188} INFO - [2026-03-20T11:33:03.168+0000] {dagbag.py:355} ERROR - Failed to import: /opt/airflow/dags/dag_parsing_salary.py
Traceback (most recent call last):
  File "/home/airflow/.local/lib/python3.11/site-packages/airflow/models/dagbag.py", line 351, in parse
    loader.exec_module(new_module)
  File "<frozen importlib._bootstrap_external>", line 940, in exec_module
  File "<frozen importlib._bootstrap>", line 241, in _call_with_frames_removed
  File "/opt/airflow/dags/dag_parsing_salary.py", line 5, in <module>
    import utils as u
  File "/opt/airflow/dags/utils.py", line 1, in <module>
    import kagglehub
ModuleNotFoundError: No module named 'kagglehub'
[2026-03-20T11:33:03.169+0000] {processor.py:842} WARNING - No viable dags retrieved from /opt/airflow/dags/dag_parsing_salary.py
[2026-03-20T11:33:03.187+0000] {processor.py:183} INFO - Processing /opt/airflow/dags/dag_parsing_salary.py took 0.032 seconds
[2026-03-20T11:33:36.746+0000] {processor.py:161} INFO - Started process (PID=53) to work on /opt/airflow/dags/dag_parsing_salary.py
[2026-03-20T11:33:36.748+0000] {processor.py:830} INFO - Processing file /opt/airflow/dags/dag_parsing_salary.py for tasks to queue
[2026-03-20T11:33:36.750+0000] {logging_mixin.py:188} INFO - [2026-03-20T11:33:36.749+0000] {dagbag.py:545} INFO - Filling up the DagBag from /opt/airflow/dags/dag_parsing_salary.py
[2026-03-20T11:33:36.753+0000] {logging_mixin.py:188} INFO - [2026-03-20T11:33:36.752+0000] {dagbag.py:355} ERROR - Failed to import: /opt/airflow/dags/dag_parsing_salary.py
Traceback (most recent call last):
  File "/home/airflow/.local/lib/python3.11/site-packages/airflow/models/dagbag.py", line 351, in parse
    loader.exec_module(new_module)
  File "<frozen importlib._bootstrap_external>", line 940, in exec_module
  File "<frozen importlib._bootstrap>", line 241, in _call_with_frames_removed
  File "/opt/airflow/dags/dag_parsing_salary.py", line 5, in <module>
    import utils as u
  File "/opt/airflow/dags/utils.py", line 1, in <module>
    import kagglehub
ModuleNotFoundError: No module named 'kagglehub'
[2026-03-20T11:33:36.754+0000] {processor.py:842} WARNING - No viable dags retrieved from /opt/airflow/dags/dag_parsing_salary.py
[2026-03-20T11:33:36.773+0000] {processor.py:183} INFO - Processing /opt/airflow/dags/dag_parsing_salary.py took 0.034 seconds
[2026-03-20T11:34:07.001+0000] {processor.py:161} INFO - Started process (PID=60) to work on /opt/airflow/dags/dag_parsing_salary.py
[2026-03-20T11:34:07.004+0000] {processor.py:830} INFO - Processing file /opt/airflow/dags/dag_parsing_salary.py for tasks to queue
[2026-03-20T11:34:07.005+0000] {logging_mixin.py:188} INFO - [2026-03-20T11:34:07.005+0000] {dagbag.py:545} INFO - Filling up the DagBag from /opt/airflow/dags/dag_parsing_salary.py
[2026-03-20T11:34:07.009+0000] {logging_mixin.py:188} INFO - [2026-03-20T11:34:07.007+0000] {dagbag.py:355} ERROR - Failed to import: /opt/airflow/dags/dag_parsing_salary.py
Traceback (most recent call last):
  File "/home/airflow/.local/lib/python3.11/site-packages/airflow/models/dagbag.py", line 351, in parse
    loader.exec_module(new_module)
  File "<frozen importlib._bootstrap_external>", line 940, in exec_module
  File "<frozen importlib._bootstrap>", line 241, in _call_with_frames_removed
  File "/opt/airflow/dags/dag_parsing_salary.py", line 5, in <module>
    import utils as u
  File "/opt/airflow/dags/utils.py", line 1, in <module>
    import kagglehub
ModuleNotFoundError: No module named 'kagglehub'
[2026-03-20T11:34:07.009+0000] {processor.py:842} WARNING - No viable dags retrieved from /opt/airflow/dags/dag_parsing_salary.py
[2026-03-20T11:34:07.027+0000] {processor.py:183} INFO - Processing /opt/airflow/dags/dag_parsing_salary.py took 0.031 seconds
[2026-03-20T11:34:37.099+0000] {processor.py:161} INFO - Started process (PID=67) to work on /opt/airflow/dags/dag_parsing_salary.py
[2026-03-20T11:34:37.099+0000] {processor.py:830} INFO - Processing file /opt/airflow/dags/dag_parsing_salary.py for tasks to queue
[2026-03-20T11:34:37.100+0000] {logging_mixin.py:188} INFO - [2026-03-20T11:34:37.100+0000] {dagbag.py:545} INFO - Filling up the DagBag from /opt/airflow/dags/dag_parsing_salary.py
[2026-03-20T11:34:37.102+0000] {logging_mixin.py:188} INFO - [2026-03-20T11:34:37.101+0000] {dagbag.py:355} ERROR - Failed to import: /opt/airflow/dags/dag_parsing_salary.py
Traceback (most recent call last):
  File "/home/airflow/.local/lib/python3.11/site-packages/airflow/models/dagbag.py", line 351, in parse
    loader.exec_module(new_module)
  File "<frozen importlib._bootstrap_external>", line 940, in exec_module
  File "<frozen importlib._bootstrap>", line 241, in _call_with_frames_removed
  File "/opt/airflow/dags/dag_parsing_salary.py", line 5, in <module>
    import utils as u
  File "/opt/airflow/dags/utils.py", line 1, in <module>
    import kagglehub
ModuleNotFoundError: No module named 'kagglehub'
[2026-03-20T11:34:37.103+0000] {processor.py:842} WARNING - No viable dags retrieved from /opt/airflow/dags/dag_parsing_salary.py
[2026-03-20T11:34:37.118+0000] {processor.py:183} INFO - Processing /opt/airflow/dags/dag_parsing_salary.py took 0.024 seconds
[2026-03-20T11:35:07.206+0000] {processor.py:161} INFO - Started process (PID=74) to work on /opt/airflow/dags/dag_parsing_salary.py
[2026-03-20T11:35:07.209+0000] {processor.py:830} INFO - Processing file /opt/airflow/dags/dag_parsing_salary.py for tasks to queue
[2026-03-20T11:35:07.210+0000] {logging_mixin.py:188} INFO - [2026-03-20T11:35:07.210+0000] {dagbag.py:545} INFO - Filling up the DagBag from /opt/airflow/dags/dag_parsing_salary.py
[2026-03-20T11:35:07.213+0000] {logging_mixin.py:188} INFO - [2026-03-20T11:35:07.212+0000] {dagbag.py:355} ERROR - Failed to import: /opt/airflow/dags/dag_parsing_salary.py
Traceback (most recent call last):
  File "/home/airflow/.local/lib/python3.11/site-packages/airflow/models/dagbag.py", line 351, in parse
    loader.exec_module(new_module)
  File "<frozen importlib._bootstrap_external>", line 940, in exec_module
  File "<frozen importlib._bootstrap>", line 241, in _call_with_frames_removed
  File "/opt/airflow/dags/dag_parsing_salary.py", line 5, in <module>
    import utils as u
  File "/opt/airflow/dags/utils.py", line 1, in <module>
    import kagglehub
ModuleNotFoundError: No module named 'kagglehub'
[2026-03-20T11:35:07.213+0000] {processor.py:842} WARNING - No viable dags retrieved from /opt/airflow/dags/dag_parsing_salary.py
[2026-03-20T11:35:07.233+0000] {processor.py:183} INFO - Processing /opt/airflow/dags/dag_parsing_salary.py took 0.032 seconds
[2026-03-20T11:35:37.325+0000] {processor.py:161} INFO - Started process (PID=81) to work on /opt/airflow/dags/dag_parsing_salary.py
[2026-03-20T11:35:37.325+0000] {processor.py:830} INFO - Processing file /opt/airflow/dags/dag_parsing_salary.py for tasks to queue
[2026-03-20T11:35:37.327+0000] {logging_mixin.py:188} INFO - [2026-03-20T11:35:37.327+0000] {dagbag.py:545} INFO - Filling up the DagBag from /opt/airflow/dags/dag_parsing_salary.py
[2026-03-20T11:35:37.331+0000] {logging_mixin.py:188} INFO - [2026-03-20T11:35:37.329+0000] {dagbag.py:355} ERROR - Failed to import: /opt/airflow/dags/dag_parsing_salary.py
Traceback (most recent call last):
  File "/home/airflow/.local/lib/python3.11/site-packages/airflow/models/dagbag.py", line 351, in parse
    loader.exec_module(new_module)
  File "<frozen importlib._bootstrap_external>", line 940, in exec_module
  File "<frozen importlib._bootstrap>", line 241, in _call_with_frames_removed
  File "/opt/airflow/dags/dag_parsing_salary.py", line 5, in <module>
    import utils as u
  File "/opt/airflow/dags/utils.py", line 1, in <module>
    import kagglehub
ModuleNotFoundError: No module named 'kagglehub'
[2026-03-20T11:35:37.331+0000] {processor.py:842} WARNING - No viable dags retrieved from /opt/airflow/dags/dag_parsing_salary.py
[2026-03-20T11:35:37.347+0000] {processor.py:183} INFO - Processing /opt/airflow/dags/dag_parsing_salary.py took 0.027 seconds
[2026-03-20T11:36:07.433+0000] {processor.py:161} INFO - Started process (PID=88) to work on /opt/airflow/dags/dag_parsing_salary.py
[2026-03-20T11:36:07.436+0000] {processor.py:830} INFO - Processing file /opt/airflow/dags/dag_parsing_salary.py for tasks to queue
[2026-03-20T11:36:07.437+0000] {logging_mixin.py:188} INFO - [2026-03-20T11:36:07.437+0000] {dagbag.py:545} INFO - Filling up the DagBag from /opt/airflow/dags/dag_parsing_salary.py
[2026-03-20T11:36:07.439+0000] {logging_mixin.py:188} INFO - [2026-03-20T11:36:07.439+0000] {dagbag.py:355} ERROR - Failed to import: /opt/airflow/dags/dag_parsing_salary.py
Traceback (most recent call last):
  File "/home/airflow/.local/lib/python3.11/site-packages/airflow/models/dagbag.py", line 351, in parse
    loader.exec_module(new_module)
  File "<frozen importlib._bootstrap_external>", line 940, in exec_module
  File "<frozen importlib._bootstrap>", line 241, in _call_with_frames_removed
  File "/opt/airflow/dags/dag_parsing_salary.py", line 5, in <module>
    import utils as u
  File "/opt/airflow/dags/utils.py", line 1, in <module>
    import kagglehub
ModuleNotFoundError: No module named 'kagglehub'
[2026-03-20T11:36:07.440+0000] {processor.py:842} WARNING - No viable dags retrieved from /opt/airflow/dags/dag_parsing_salary.py
[2026-03-20T11:36:07.459+0000] {processor.py:183} INFO - Processing /opt/airflow/dags/dag_parsing_salary.py took 0.032 seconds
[2026-03-20T11:36:57.700+0000] {processor.py:161} INFO - Started process (PID=53) to work on /opt/airflow/dags/dag_parsing_salary.py
[2026-03-20T11:36:57.701+0000] {processor.py:830} INFO - Processing file /opt/airflow/dags/dag_parsing_salary.py for tasks to queue
[2026-03-20T11:36:57.703+0000] {logging_mixin.py:188} INFO - [2026-03-20T11:36:57.702+0000] {dagbag.py:545} INFO - Filling up the DagBag from /opt/airflow/dags/dag_parsing_salary.py
[2026-03-20T11:36:57.706+0000] {logging_mixin.py:188} INFO - [2026-03-20T11:36:57.704+0000] {dagbag.py:355} ERROR - Failed to import: /opt/airflow/dags/dag_parsing_salary.py
Traceback (most recent call last):
  File "/home/airflow/.local/lib/python3.11/site-packages/airflow/models/dagbag.py", line 351, in parse
    loader.exec_module(new_module)
  File "<frozen importlib._bootstrap_external>", line 940, in exec_module
  File "<frozen importlib._bootstrap>", line 241, in _call_with_frames_removed
  File "/opt/airflow/dags/dag_parsing_salary.py", line 5, in <module>
    import utils as u
  File "/opt/airflow/dags/utils.py", line 1, in <module>
    import kagglehub
ModuleNotFoundError: No module named 'kagglehub'
[2026-03-20T11:36:57.707+0000] {processor.py:842} WARNING - No viable dags retrieved from /opt/airflow/dags/dag_parsing_salary.py
[2026-03-20T11:36:57.728+0000] {processor.py:183} INFO - Processing /opt/airflow/dags/dag_parsing_salary.py took 0.034 seconds
[2026-03-20T11:37:27.992+0000] {processor.py:161} INFO - Started process (PID=60) to work on /opt/airflow/dags/dag_parsing_salary.py
[2026-03-20T11:37:27.992+0000] {processor.py:830} INFO - Processing file /opt/airflow/dags/dag_parsing_salary.py for tasks to queue
[2026-03-20T11:37:27.994+0000] {logging_mixin.py:188} INFO - [2026-03-20T11:37:27.993+0000] {dagbag.py:545} INFO - Filling up the DagBag from /opt/airflow/dags/dag_parsing_salary.py
[2026-03-20T11:37:27.996+0000] {logging_mixin.py:188} INFO - [2026-03-20T11:37:27.995+0000] {dagbag.py:355} ERROR - Failed to import: /opt/airflow/dags/dag_parsing_salary.py
Traceback (most recent call last):
  File "/home/airflow/.local/lib/python3.11/site-packages/airflow/models/dagbag.py", line 351, in parse
    loader.exec_module(new_module)
  File "<frozen importlib._bootstrap_external>", line 940, in exec_module
  File "<frozen importlib._bootstrap>", line 241, in _call_with_frames_removed
  File "/opt/airflow/dags/dag_parsing_salary.py", line 5, in <module>
    import utils as u
  File "/opt/airflow/dags/utils.py", line 1, in <module>
    import kagglehub
ModuleNotFoundError: No module named 'kagglehub'
[2026-03-20T11:37:27.996+0000] {processor.py:842} WARNING - No viable dags retrieved from /opt/airflow/dags/dag_parsing_salary.py
[2026-03-20T11:37:28.009+0000] {processor.py:183} INFO - Processing /opt/airflow/dags/dag_parsing_salary.py took 0.022 seconds
[2026-03-20T11:37:58.102+0000] {processor.py:161} INFO - Started process (PID=67) to work on /opt/airflow/dags/dag_parsing_salary.py
[2026-03-20T11:37:58.104+0000] {processor.py:830} INFO - Processing file /opt/airflow/dags/dag_parsing_salary.py for tasks to queue
[2026-03-20T11:37:58.105+0000] {logging_mixin.py:188} INFO - [2026-03-20T11:37:58.104+0000] {dagbag.py:545} INFO - Filling up the DagBag from /opt/airflow/dags/dag_parsing_salary.py
[2026-03-20T11:37:58.106+0000] {logging_mixin.py:188} INFO - [2026-03-20T11:37:58.106+0000] {dagbag.py:355} ERROR - Failed to import: /opt/airflow/dags/dag_parsing_salary.py
Traceback (most recent call last):
  File "/home/airflow/.local/lib/python3.11/site-packages/airflow/models/dagbag.py", line 351, in parse
    loader.exec_module(new_module)
  File "<frozen importlib._bootstrap_external>", line 940, in exec_module
  File "<frozen importlib._bootstrap>", line 241, in _call_with_frames_removed
  File "/opt/airflow/dags/dag_parsing_salary.py", line 5, in <module>
    import utils as u
  File "/opt/airflow/dags/utils.py", line 1, in <module>
    import kagglehub
ModuleNotFoundError: No module named 'kagglehub'
[2026-03-20T11:37:58.107+0000] {processor.py:842} WARNING - No viable dags retrieved from /opt/airflow/dags/dag_parsing_salary.py
[2026-03-20T11:37:58.121+0000] {processor.py:183} INFO - Processing /opt/airflow/dags/dag_parsing_salary.py took 0.025 seconds
[2026-03-20T11:38:28.200+0000] {processor.py:161} INFO - Started process (PID=74) to work on /opt/airflow/dags/dag_parsing_salary.py
[2026-03-20T11:38:28.200+0000] {processor.py:830} INFO - Processing file /opt/airflow/dags/dag_parsing_salary.py for tasks to queue
[2026-03-20T11:38:28.202+0000] {logging_mixin.py:188} INFO - [2026-03-20T11:38:28.201+0000] {dagbag.py:545} INFO - Filling up the DagBag from /opt/airflow/dags/dag_parsing_salary.py
[2026-03-20T11:38:28.204+0000] {logging_mixin.py:188} INFO - [2026-03-20T11:38:28.203+0000] {dagbag.py:355} ERROR - Failed to import: /opt/airflow/dags/dag_parsing_salary.py
Traceback (most recent call last):
  File "/home/airflow/.local/lib/python3.11/site-packages/airflow/models/dagbag.py", line 351, in parse
    loader.exec_module(new_module)
  File "<frozen importlib._bootstrap_external>", line 940, in exec_module
  File "<frozen importlib._bootstrap>", line 241, in _call_with_frames_removed
  File "/opt/airflow/dags/dag_parsing_salary.py", line 5, in <module>
    import utils as u
  File "/opt/airflow/dags/utils.py", line 1, in <module>
    import kagglehub
ModuleNotFoundError: No module named 'kagglehub'
[2026-03-20T11:38:28.205+0000] {processor.py:842} WARNING - No viable dags retrieved from /opt/airflow/dags/dag_parsing_salary.py
[2026-03-20T11:38:28.221+0000] {processor.py:183} INFO - Processing /opt/airflow/dags/dag_parsing_salary.py took 0.027 seconds
[2026-03-20T11:38:58.300+0000] {processor.py:161} INFO - Started process (PID=81) to work on /opt/airflow/dags/dag_parsing_salary.py
[2026-03-20T11:38:58.303+0000] {processor.py:830} INFO - Processing file /opt/airflow/dags/dag_parsing_salary.py for tasks to queue
[2026-03-20T11:38:58.304+0000] {logging_mixin.py:188} INFO - [2026-03-20T11:38:58.304+0000] {dagbag.py:545} INFO - Filling up the DagBag from /opt/airflow/dags/dag_parsing_salary.py
[2026-03-20T11:38:58.306+0000] {logging_mixin.py:188} INFO - [2026-03-20T11:38:58.305+0000] {dagbag.py:355} ERROR - Failed to import: /opt/airflow/dags/dag_parsing_salary.py
Traceback (most recent call last):
  File "/home/airflow/.local/lib/python3.11/site-packages/airflow/models/dagbag.py", line 351, in parse
    loader.exec_module(new_module)
  File "<frozen importlib._bootstrap_external>", line 940, in exec_module
  File "<frozen importlib._bootstrap>", line 241, in _call_with_frames_removed
  File "/opt/airflow/dags/dag_parsing_salary.py", line 5, in <module>
    import utils as u
  File "/opt/airflow/dags/utils.py", line 1, in <module>
    import kagglehub
ModuleNotFoundError: No module named 'kagglehub'
[2026-03-20T11:38:58.306+0000] {processor.py:842} WARNING - No viable dags retrieved from /opt/airflow/dags/dag_parsing_salary.py
[2026-03-20T11:38:58.322+0000] {processor.py:183} INFO - Processing /opt/airflow/dags/dag_parsing_salary.py took 0.025 seconds
[2026-03-20T11:39:28.414+0000] {processor.py:161} INFO - Started process (PID=88) to work on /opt/airflow/dags/dag_parsing_salary.py
[2026-03-20T11:39:28.414+0000] {processor.py:830} INFO - Processing file /opt/airflow/dags/dag_parsing_salary.py for tasks to queue
[2026-03-20T11:39:28.415+0000] {logging_mixin.py:188} INFO - [2026-03-20T11:39:28.415+0000] {dagbag.py:545} INFO - Filling up the DagBag from /opt/airflow/dags/dag_parsing_salary.py
[2026-03-20T11:39:28.417+0000] {logging_mixin.py:188} INFO - [2026-03-20T11:39:28.416+0000] {dagbag.py:355} ERROR - Failed to import: /opt/airflow/dags/dag_parsing_salary.py
Traceback (most recent call last):
  File "/home/airflow/.local/lib/python3.11/site-packages/airflow/models/dagbag.py", line 351, in parse
    loader.exec_module(new_module)
  File "<frozen importlib._bootstrap_external>", line 940, in exec_module
  File "<frozen importlib._bootstrap>", line 241, in _call_with_frames_removed
  File "/opt/airflow/dags/dag_parsing_salary.py", line 5, in <module>
    import utils as u
  File "/opt/airflow/dags/utils.py", line 1, in <module>
    import kagglehub
ModuleNotFoundError: No module named 'kagglehub'
[2026-03-20T11:39:28.418+0000] {processor.py:842} WARNING - No viable dags retrieved from /opt/airflow/dags/dag_parsing_salary.py
[2026-03-20T11:39:28.437+0000] {processor.py:183} INFO - Processing /opt/airflow/dags/dag_parsing_salary.py took 0.029 seconds
[2026-03-20T11:39:58.507+0000] {processor.py:161} INFO - Started process (PID=95) to work on /opt/airflow/dags/dag_parsing_salary.py
[2026-03-20T11:39:58.508+0000] {processor.py:830} INFO - Processing file /opt/airflow/dags/dag_parsing_salary.py for tasks to queue
[2026-03-20T11:39:58.509+0000] {logging_mixin.py:188} INFO - [2026-03-20T11:39:58.509+0000] {dagbag.py:545} INFO - Filling up the DagBag from /opt/airflow/dags/dag_parsing_salary.py
[2026-03-20T11:39:58.511+0000] {logging_mixin.py:188} INFO - [2026-03-20T11:39:58.510+0000] {dagbag.py:355} ERROR - Failed to import: /opt/airflow/dags/dag_parsing_salary.py
Traceback (most recent call last):
  File "/home/airflow/.local/lib/python3.11/site-packages/airflow/models/dagbag.py", line 351, in parse
    loader.exec_module(new_module)
  File "<frozen importlib._bootstrap_external>", line 940, in exec_module
  File "<frozen importlib._bootstrap>", line 241, in _call_with_frames_removed
  File "/opt/airflow/dags/dag_parsing_salary.py", line 5, in <module>
    import utils as u
  File "/opt/airflow/dags/utils.py", line 1, in <module>
    import kagglehub
ModuleNotFoundError: No module named 'kagglehub'
[2026-03-20T11:39:58.511+0000] {processor.py:842} WARNING - No viable dags retrieved from /opt/airflow/dags/dag_parsing_salary.py
[2026-03-20T11:39:58.527+0000] {processor.py:183} INFO - Processing /opt/airflow/dags/dag_parsing_salary.py took 0.024 seconds
[2026-03-20T11:40:28.609+0000] {processor.py:161} INFO - Started process (PID=102) to work on /opt/airflow/dags/dag_parsing_salary.py
[2026-03-20T11:40:28.609+0000] {processor.py:830} INFO - Processing file /opt/airflow/dags/dag_parsing_salary.py for tasks to queue
[2026-03-20T11:40:28.610+0000] {logging_mixin.py:188} INFO - [2026-03-20T11:40:28.610+0000] {dagbag.py:545} INFO - Filling up the DagBag from /opt/airflow/dags/dag_parsing_salary.py
[2026-03-20T11:40:28.613+0000] {logging_mixin.py:188} INFO - [2026-03-20T11:40:28.612+0000] {dagbag.py:355} ERROR - Failed to import: /opt/airflow/dags/dag_parsing_salary.py
Traceback (most recent call last):
  File "/home/airflow/.local/lib/python3.11/site-packages/airflow/models/dagbag.py", line 351, in parse
    loader.exec_module(new_module)
  File "<frozen importlib._bootstrap_external>", line 940, in exec_module
  File "<frozen importlib._bootstrap>", line 241, in _call_with_frames_removed
  File "/opt/airflow/dags/dag_parsing_salary.py", line 5, in <module>
    import utils as u
  File "/opt/airflow/dags/utils.py", line 1, in <module>
    import kagglehub
ModuleNotFoundError: No module named 'kagglehub'
[2026-03-20T11:40:28.613+0000] {processor.py:842} WARNING - No viable dags retrieved from /opt/airflow/dags/dag_parsing_salary.py
[2026-03-20T11:40:28.629+0000] {processor.py:183} INFO - Processing /opt/airflow/dags/dag_parsing_salary.py took 0.024 seconds
[2026-03-20T11:40:58.721+0000] {processor.py:161} INFO - Started process (PID=109) to work on /opt/airflow/dags/dag_parsing_salary.py
[2026-03-20T11:40:58.724+0000] {processor.py:830} INFO - Processing file /opt/airflow/dags/dag_parsing_salary.py for tasks to queue
[2026-03-20T11:40:58.724+0000] {logging_mixin.py:188} INFO - [2026-03-20T11:40:58.724+0000] {dagbag.py:545} INFO - Filling up the DagBag from /opt/airflow/dags/dag_parsing_salary.py
[2026-03-20T11:40:58.726+0000] {logging_mixin.py:188} INFO - [2026-03-20T11:40:58.726+0000] {dagbag.py:355} ERROR - Failed to import: /opt/airflow/dags/dag_parsing_salary.py
Traceback (most recent call last):
  File "/home/airflow/.local/lib/python3.11/site-packages/airflow/models/dagbag.py", line 351, in parse
    loader.exec_module(new_module)
  File "<frozen importlib._bootstrap_external>", line 940, in exec_module
  File "<frozen importlib._bootstrap>", line 241, in _call_with_frames_removed
  File "/opt/airflow/dags/dag_parsing_salary.py", line 5, in <module>
    import utils as u
  File "/opt/airflow/dags/utils.py", line 1, in <module>
    import kagglehub
ModuleNotFoundError: No module named 'kagglehub'
[2026-03-20T11:40:58.727+0000] {processor.py:842} WARNING - No viable dags retrieved from /opt/airflow/dags/dag_parsing_salary.py
[2026-03-20T11:40:58.742+0000] {processor.py:183} INFO - Processing /opt/airflow/dags/dag_parsing_salary.py took 0.027 seconds
[2026-03-20T11:41:49.654+0000] {processor.py:161} INFO - Started process (PID=53) to work on /opt/airflow/dags/dag_parsing_salary.py
[2026-03-20T11:41:49.655+0000] {processor.py:830} INFO - Processing file /opt/airflow/dags/dag_parsing_salary.py for tasks to queue
[2026-03-20T11:41:49.657+0000] {logging_mixin.py:188} INFO - [2026-03-20T11:41:49.657+0000] {dagbag.py:545} INFO - Filling up the DagBag from /opt/airflow/dags/dag_parsing_salary.py
[2026-03-20T11:41:49.660+0000] {logging_mixin.py:188} INFO - [2026-03-20T11:41:49.659+0000] {dagbag.py:355} ERROR - Failed to import: /opt/airflow/dags/dag_parsing_salary.py
Traceback (most recent call last):
  File "/home/airflow/.local/lib/python3.11/site-packages/airflow/models/dagbag.py", line 351, in parse
    loader.exec_module(new_module)
  File "<frozen importlib._bootstrap_external>", line 940, in exec_module
  File "<frozen importlib._bootstrap>", line 241, in _call_with_frames_removed
  File "/opt/airflow/dags/dag_parsing_salary.py", line 5, in <module>
    import utils as u
  File "/opt/airflow/dags/utils.py", line 1, in <module>
    import kagglehub
ModuleNotFoundError: No module named 'kagglehub'
[2026-03-20T11:41:49.661+0000] {processor.py:842} WARNING - No viable dags retrieved from /opt/airflow/dags/dag_parsing_salary.py
[2026-03-20T11:41:49.680+0000] {processor.py:183} INFO - Processing /opt/airflow/dags/dag_parsing_salary.py took 0.031 seconds
[2026-03-20T11:42:19.969+0000] {processor.py:161} INFO - Started process (PID=60) to work on /opt/airflow/dags/dag_parsing_salary.py
[2026-03-20T11:42:19.970+0000] {processor.py:830} INFO - Processing file /opt/airflow/dags/dag_parsing_salary.py for tasks to queue
[2026-03-20T11:42:19.970+0000] {logging_mixin.py:188} INFO - [2026-03-20T11:42:19.970+0000] {dagbag.py:545} INFO - Filling up the DagBag from /opt/airflow/dags/dag_parsing_salary.py
[2026-03-20T11:42:19.973+0000] {logging_mixin.py:188} INFO - [2026-03-20T11:42:19.972+0000] {dagbag.py:355} ERROR - Failed to import: /opt/airflow/dags/dag_parsing_salary.py
Traceback (most recent call last):
  File "/home/airflow/.local/lib/python3.11/site-packages/airflow/models/dagbag.py", line 351, in parse
    loader.exec_module(new_module)
  File "<frozen importlib._bootstrap_external>", line 940, in exec_module
  File "<frozen importlib._bootstrap>", line 241, in _call_with_frames_removed
  File "/opt/airflow/dags/dag_parsing_salary.py", line 5, in <module>
    import utils as u
  File "/opt/airflow/dags/utils.py", line 1, in <module>
    import kagglehub
ModuleNotFoundError: No module named 'kagglehub'
[2026-03-20T11:42:19.973+0000] {processor.py:842} WARNING - No viable dags retrieved from /opt/airflow/dags/dag_parsing_salary.py
[2026-03-20T11:42:19.988+0000] {processor.py:183} INFO - Processing /opt/airflow/dags/dag_parsing_salary.py took 0.024 seconds
[2026-03-20T11:42:50.078+0000] {processor.py:161} INFO - Started process (PID=67) to work on /opt/airflow/dags/dag_parsing_salary.py
[2026-03-20T11:42:50.081+0000] {processor.py:830} INFO - Processing file /opt/airflow/dags/dag_parsing_salary.py for tasks to queue
[2026-03-20T11:42:50.083+0000] {logging_mixin.py:188} INFO - [2026-03-20T11:42:50.082+0000] {dagbag.py:545} INFO - Filling up the DagBag from /opt/airflow/dags/dag_parsing_salary.py
[2026-03-20T11:42:50.085+0000] {logging_mixin.py:188} INFO - [2026-03-20T11:42:50.084+0000] {dagbag.py:355} ERROR - Failed to import: /opt/airflow/dags/dag_parsing_salary.py
Traceback (most recent call last):
  File "/home/airflow/.local/lib/python3.11/site-packages/airflow/models/dagbag.py", line 351, in parse
    loader.exec_module(new_module)
  File "<frozen importlib._bootstrap_external>", line 940, in exec_module
  File "<frozen importlib._bootstrap>", line 241, in _call_with_frames_removed
  File "/opt/airflow/dags/dag_parsing_salary.py", line 5, in <module>
    import utils as u
  File "/opt/airflow/dags/utils.py", line 1, in <module>
    import kagglehub
ModuleNotFoundError: No module named 'kagglehub'
[2026-03-20T11:42:50.085+0000] {processor.py:842} WARNING - No viable dags retrieved from /opt/airflow/dags/dag_parsing_salary.py
[2026-03-20T11:42:50.099+0000] {processor.py:183} INFO - Processing /opt/airflow/dags/dag_parsing_salary.py took 0.027 seconds
[2026-03-20T11:43:38.447+0000] {processor.py:161} INFO - Started process (PID=53) to work on /opt/airflow/dags/dag_parsing_salary.py
[2026-03-20T11:43:38.448+0000] {processor.py:830} INFO - Processing file /opt/airflow/dags/dag_parsing_salary.py for tasks to queue
[2026-03-20T11:43:38.450+0000] {logging_mixin.py:188} INFO - [2026-03-20T11:43:38.449+0000] {dagbag.py:545} INFO - Filling up the DagBag from /opt/airflow/dags/dag_parsing_salary.py
[2026-03-20T11:43:38.452+0000] {logging_mixin.py:188} INFO - [2026-03-20T11:43:38.451+0000] {dagbag.py:355} ERROR - Failed to import: /opt/airflow/dags/dag_parsing_salary.py
Traceback (most recent call last):
  File "/home/airflow/.local/lib/python3.11/site-packages/airflow/models/dagbag.py", line 351, in parse
    loader.exec_module(new_module)
  File "<frozen importlib._bootstrap_external>", line 940, in exec_module
  File "<frozen importlib._bootstrap>", line 241, in _call_with_frames_removed
  File "/opt/airflow/dags/dag_parsing_salary.py", line 5, in <module>
    import utils as u
  File "/opt/airflow/dags/utils.py", line 1, in <module>
    import kagglehub
ModuleNotFoundError: No module named 'kagglehub'
[2026-03-20T11:43:38.452+0000] {processor.py:842} WARNING - No viable dags retrieved from /opt/airflow/dags/dag_parsing_salary.py
[2026-03-20T11:43:38.471+0000] {processor.py:183} INFO - Processing /opt/airflow/dags/dag_parsing_salary.py took 0.029 seconds
[2026-03-20T11:44:08.716+0000] {processor.py:161} INFO - Started process (PID=60) to work on /opt/airflow/dags/dag_parsing_salary.py
[2026-03-20T11:44:08.716+0000] {processor.py:830} INFO - Processing file /opt/airflow/dags/dag_parsing_salary.py for tasks to queue
[2026-03-20T11:44:08.717+0000] {logging_mixin.py:188} INFO - [2026-03-20T11:44:08.717+0000] {dagbag.py:545} INFO - Filling up the DagBag from /opt/airflow/dags/dag_parsing_salary.py
[2026-03-20T11:44:08.719+0000] {logging_mixin.py:188} INFO - [2026-03-20T11:44:08.718+0000] {dagbag.py:355} ERROR - Failed to import: /opt/airflow/dags/dag_parsing_salary.py
Traceback (most recent call last):
  File "/home/airflow/.local/lib/python3.11/site-packages/airflow/models/dagbag.py", line 351, in parse
    loader.exec_module(new_module)
  File "<frozen importlib._bootstrap_external>", line 940, in exec_module
  File "<frozen importlib._bootstrap>", line 241, in _call_with_frames_removed
  File "/opt/airflow/dags/dag_parsing_salary.py", line 5, in <module>
    import utils as u
  File "/opt/airflow/dags/utils.py", line 1, in <module>
    import kagglehub
ModuleNotFoundError: No module named 'kagglehub'
[2026-03-20T11:44:08.719+0000] {processor.py:842} WARNING - No viable dags retrieved from /opt/airflow/dags/dag_parsing_salary.py
[2026-03-20T11:44:08.731+0000] {processor.py:183} INFO - Processing /opt/airflow/dags/dag_parsing_salary.py took 0.020 seconds
[2026-03-20T11:44:38.819+0000] {processor.py:161} INFO - Started process (PID=67) to work on /opt/airflow/dags/dag_parsing_salary.py
[2026-03-20T11:44:38.820+0000] {processor.py:830} INFO - Processing file /opt/airflow/dags/dag_parsing_salary.py for tasks to queue
[2026-03-20T11:44:38.822+0000] {logging_mixin.py:188} INFO - [2026-03-20T11:44:38.821+0000] {dagbag.py:545} INFO - Filling up the DagBag from /opt/airflow/dags/dag_parsing_salary.py
[2026-03-20T11:44:38.824+0000] {logging_mixin.py:188} INFO - [2026-03-20T11:44:38.823+0000] {dagbag.py:355} ERROR - Failed to import: /opt/airflow/dags/dag_parsing_salary.py
Traceback (most recent call last):
  File "/home/airflow/.local/lib/python3.11/site-packages/airflow/models/dagbag.py", line 351, in parse
    loader.exec_module(new_module)
  File "<frozen importlib._bootstrap_external>", line 940, in exec_module
  File "<frozen importlib._bootstrap>", line 241, in _call_with_frames_removed
  File "/opt/airflow/dags/dag_parsing_salary.py", line 5, in <module>
    import utils as u
  File "/opt/airflow/dags/utils.py", line 1, in <module>
    import kagglehub
ModuleNotFoundError: No module named 'kagglehub'
[2026-03-20T11:44:38.824+0000] {processor.py:842} WARNING - No viable dags retrieved from /opt/airflow/dags/dag_parsing_salary.py
[2026-03-20T11:44:38.841+0000] {processor.py:183} INFO - Processing /opt/airflow/dags/dag_parsing_salary.py took 0.027 seconds
[2026-03-20T11:45:08.917+0000] {processor.py:161} INFO - Started process (PID=73) to work on /opt/airflow/dags/dag_parsing_salary.py
[2026-03-20T11:45:08.917+0000] {processor.py:830} INFO - Processing file /opt/airflow/dags/dag_parsing_salary.py for tasks to queue
[2026-03-20T11:45:08.919+0000] {logging_mixin.py:188} INFO - [2026-03-20T11:45:08.918+0000] {dagbag.py:545} INFO - Filling up the DagBag from /opt/airflow/dags/dag_parsing_salary.py
[2026-03-20T11:45:08.922+0000] {logging_mixin.py:188} INFO - [2026-03-20T11:45:08.921+0000] {dagbag.py:355} ERROR - Failed to import: /opt/airflow/dags/dag_parsing_salary.py
Traceback (most recent call last):
  File "/home/airflow/.local/lib/python3.11/site-packages/airflow/models/dagbag.py", line 351, in parse
    loader.exec_module(new_module)
  File "<frozen importlib._bootstrap_external>", line 940, in exec_module
  File "<frozen importlib._bootstrap>", line 241, in _call_with_frames_removed
  File "/opt/airflow/dags/dag_parsing_salary.py", line 5, in <module>
    import utils as u
  File "/opt/airflow/dags/utils.py", line 1, in <module>
    import kagglehub
ModuleNotFoundError: No module named 'kagglehub'
[2026-03-20T11:45:08.923+0000] {processor.py:842} WARNING - No viable dags retrieved from /opt/airflow/dags/dag_parsing_salary.py
[2026-03-20T11:45:08.934+0000] {processor.py:183} INFO - Processing /opt/airflow/dags/dag_parsing_salary.py took 0.023 seconds
[2026-03-20T11:45:39.021+0000] {processor.py:161} INFO - Started process (PID=80) to work on /opt/airflow/dags/dag_parsing_salary.py
[2026-03-20T11:45:39.024+0000] {processor.py:830} INFO - Processing file /opt/airflow/dags/dag_parsing_salary.py for tasks to queue
[2026-03-20T11:45:39.025+0000] {logging_mixin.py:188} INFO - [2026-03-20T11:45:39.025+0000] {dagbag.py:545} INFO - Filling up the DagBag from /opt/airflow/dags/dag_parsing_salary.py
[2026-03-20T11:45:39.027+0000] {logging_mixin.py:188} INFO - [2026-03-20T11:45:39.026+0000] {dagbag.py:355} ERROR - Failed to import: /opt/airflow/dags/dag_parsing_salary.py
Traceback (most recent call last):
  File "/home/airflow/.local/lib/python3.11/site-packages/airflow/models/dagbag.py", line 351, in parse
    loader.exec_module(new_module)
  File "<frozen importlib._bootstrap_external>", line 940, in exec_module
  File "<frozen importlib._bootstrap>", line 241, in _call_with_frames_removed
  File "/opt/airflow/dags/dag_parsing_salary.py", line 5, in <module>
    import utils as u
  File "/opt/airflow/dags/utils.py", line 1, in <module>
    import kagglehub
ModuleNotFoundError: No module named 'kagglehub'
[2026-03-20T11:45:39.027+0000] {processor.py:842} WARNING - No viable dags retrieved from /opt/airflow/dags/dag_parsing_salary.py
[2026-03-20T11:45:39.045+0000] {processor.py:183} INFO - Processing /opt/airflow/dags/dag_parsing_salary.py took 0.028 seconds
[2026-03-20T11:46:09.117+0000] {processor.py:161} INFO - Started process (PID=87) to work on /opt/airflow/dags/dag_parsing_salary.py
[2026-03-20T11:46:09.118+0000] {processor.py:830} INFO - Processing file /opt/airflow/dags/dag_parsing_salary.py for tasks to queue
[2026-03-20T11:46:09.119+0000] {logging_mixin.py:188} INFO - [2026-03-20T11:46:09.119+0000] {dagbag.py:545} INFO - Filling up the DagBag from /opt/airflow/dags/dag_parsing_salary.py
[2026-03-20T11:46:09.121+0000] {logging_mixin.py:188} INFO - [2026-03-20T11:46:09.120+0000] {dagbag.py:355} ERROR - Failed to import: /opt/airflow/dags/dag_parsing_salary.py
Traceback (most recent call last):
  File "/home/airflow/.local/lib/python3.11/site-packages/airflow/models/dagbag.py", line 351, in parse
    loader.exec_module(new_module)
  File "<frozen importlib._bootstrap_external>", line 940, in exec_module
  File "<frozen importlib._bootstrap>", line 241, in _call_with_frames_removed
  File "/opt/airflow/dags/dag_parsing_salary.py", line 5, in <module>
    import utils as u
  File "/opt/airflow/dags/utils.py", line 1, in <module>
    import kagglehub
ModuleNotFoundError: No module named 'kagglehub'
[2026-03-20T11:46:09.121+0000] {processor.py:842} WARNING - No viable dags retrieved from /opt/airflow/dags/dag_parsing_salary.py
[2026-03-20T11:46:09.141+0000] {processor.py:183} INFO - Processing /opt/airflow/dags/dag_parsing_salary.py took 0.028 seconds
