[2026-03-20T11:12:20.454+0000] {manager.py:470} INFO - Processing files using up to 2 processes at a time 
[2026-03-20T11:12:20.454+0000] {manager.py:471} INFO - Process each file at most once every 30 seconds
[2026-03-20T11:12:20.455+0000] {manager.py:472} INFO - Checking for new files in /opt/airflow/dags every 300 seconds
[2026-03-20T11:12:20.455+0000] {manager.py:737} INFO - Searching for files in /opt/airflow/dags
[2026-03-20T11:12:20.455+0000] {manager.py:740} INFO - There are 1 files in /opt/airflow/dags
[2026-03-20T11:12:20.534+0000] {manager.py:878} INFO - 
================================================================================
DAG File Processing Stats

File Path                                  PID  Runtime      # DAGs    # Errors  Last Runtime    Last Run
---------------------------------------  -----  ---------  --------  ----------  --------------  ----------
/opt/airflow/dags/dag_parsing_salary.py     53  0.04s             0           0
================================================================================
[2026-03-20T11:12:50.786+0000] {manager.py:878} INFO - 
================================================================================
DAG File Processing Stats

File Path                                  PID  Runtime      # DAGs    # Errors  Last Runtime    Last Run
---------------------------------------  -----  ---------  --------  ----------  --------------  -------------------
/opt/airflow/dags/dag_parsing_salary.py     60  0.00s             0           1  0.04s           2026-03-20T11:12:20
================================================================================
[2026-03-20T11:13:20.884+0000] {manager.py:878} INFO - 
================================================================================
DAG File Processing Stats

File Path                                  PID  Runtime      # DAGs    # Errors  Last Runtime    Last Run
---------------------------------------  -----  ---------  --------  ----------  --------------  -------------------
/opt/airflow/dags/dag_parsing_salary.py     67  0.00s             0           1  0.04s           2026-03-20T11:12:50
================================================================================
[2026-03-20T11:13:40.082+0000] {manager.py:452} INFO - Exiting gracefully upon receiving signal 15
[2026-03-20T11:14:53.709+0000] {manager.py:470} INFO - Processing files using up to 2 processes at a time 
[2026-03-20T11:14:53.710+0000] {manager.py:471} INFO - Process each file at most once every 30 seconds
[2026-03-20T11:14:53.710+0000] {manager.py:472} INFO - Checking for new files in /opt/airflow/dags every 300 seconds
[2026-03-20T11:14:53.710+0000] {manager.py:737} INFO - Searching for files in /opt/airflow/dags
[2026-03-20T11:14:53.711+0000] {manager.py:740} INFO - There are 1 files in /opt/airflow/dags
[2026-03-20T11:14:53.774+0000] {manager.py:878} INFO - 
================================================================================
DAG File Processing Stats

File Path                                  PID  Runtime      # DAGs    # Errors  Last Runtime    Last Run
---------------------------------------  -----  ---------  --------  ----------  --------------  ----------
/opt/airflow/dags/dag_parsing_salary.py     53  0.03s             0           0
================================================================================
[2026-03-20T11:15:13.463+0000] {manager.py:452} INFO - Exiting gracefully upon receiving signal 15
[2026-03-20T11:15:48.512+0000] {manager.py:470} INFO - Processing files using up to 2 processes at a time 
[2026-03-20T11:15:48.512+0000] {manager.py:471} INFO - Process each file at most once every 30 seconds
[2026-03-20T11:15:48.512+0000] {manager.py:472} INFO - Checking for new files in /opt/airflow/dags every 300 seconds
[2026-03-20T11:15:48.512+0000] {manager.py:737} INFO - Searching for files in /opt/airflow/dags
[2026-03-20T11:15:48.513+0000] {manager.py:740} INFO - There are 1 files in /opt/airflow/dags
[2026-03-20T11:15:48.589+0000] {manager.py:878} INFO - 
================================================================================
DAG File Processing Stats

File Path                                  PID  Runtime      # DAGs    # Errors  Last Runtime    Last Run
---------------------------------------  -----  ---------  --------  ----------  --------------  ----------
/opt/airflow/dags/dag_parsing_salary.py     53  0.04s             0           0
================================================================================
[2026-03-20T11:16:18.835+0000] {manager.py:878} INFO - 
================================================================================
DAG File Processing Stats

File Path                                  PID  Runtime      # DAGs    # Errors  Last Runtime    Last Run
---------------------------------------  -----  ---------  --------  ----------  --------------  -------------------
/opt/airflow/dags/dag_parsing_salary.py     60  0.01s             0           1  0.05s           2026-03-20T11:15:48
================================================================================
[2026-03-20T11:16:48.935+0000] {manager.py:878} INFO - 
================================================================================
DAG File Processing Stats

File Path                                  PID  Runtime      # DAGs    # Errors  Last Runtime    Last Run
---------------------------------------  -----  ---------  --------  ----------  --------------  -------------------
/opt/airflow/dags/dag_parsing_salary.py     68  0.01s             0           1  0.03s           2026-03-20T11:16:18
================================================================================
[2026-03-20T11:17:19.037+0000] {manager.py:878} INFO - 
================================================================================
DAG File Processing Stats

File Path                                  PID  Runtime      # DAGs    # Errors  Last Runtime    Last Run
---------------------------------------  -----  ---------  --------  ----------  --------------  -------------------
/opt/airflow/dags/dag_parsing_salary.py     75  0.00s             0           1  0.05s           2026-03-20T11:16:48
================================================================================
[2026-03-20T11:17:49.133+0000] {manager.py:878} INFO - 
================================================================================
DAG File Processing Stats

File Path                                  PID  Runtime      # DAGs    # Errors  Last Runtime    Last Run
---------------------------------------  -----  ---------  --------  ----------  --------------  -------------------
/opt/airflow/dags/dag_parsing_salary.py     82  0.00s             0           1  0.04s           2026-03-20T11:17:19
================================================================================
[2026-03-20T11:18:19.248+0000] {manager.py:878} INFO - 
================================================================================
DAG File Processing Stats

File Path                                  PID  Runtime      # DAGs    # Errors  Last Runtime    Last Run
---------------------------------------  -----  ---------  --------  ----------  --------------  -------------------
/opt/airflow/dags/dag_parsing_salary.py     89  0.00s             0           1  0.04s           2026-03-20T11:17:49
================================================================================
[2026-03-20T11:18:49.350+0000] {manager.py:878} INFO - 
================================================================================
DAG File Processing Stats

File Path                                  PID  Runtime      # DAGs    # Errors  Last Runtime    Last Run
---------------------------------------  -----  ---------  --------  ----------  --------------  -------------------
/opt/airflow/dags/dag_parsing_salary.py     96  0.00s             0           1  0.04s           2026-03-20T11:18:19
================================================================================
[2026-03-20T11:19:04.009+0000] {manager.py:452} INFO - Exiting gracefully upon receiving signal 15
[2026-03-20T11:19:42.933+0000] {manager.py:470} INFO - Processing files using up to 2 processes at a time 
[2026-03-20T11:19:42.933+0000] {manager.py:471} INFO - Process each file at most once every 30 seconds
[2026-03-20T11:19:42.933+0000] {manager.py:472} INFO - Checking for new files in /opt/airflow/dags every 300 seconds
[2026-03-20T11:19:42.933+0000] {manager.py:737} INFO - Searching for files in /opt/airflow/dags
[2026-03-20T11:19:42.934+0000] {manager.py:740} INFO - There are 1 files in /opt/airflow/dags
[2026-03-20T11:19:42.995+0000] {manager.py:878} INFO - 
================================================================================
DAG File Processing Stats

File Path                                  PID  Runtime      # DAGs    # Errors  Last Runtime    Last Run
---------------------------------------  -----  ---------  --------  ----------  --------------  ----------
/opt/airflow/dags/dag_parsing_salary.py     53  0.03s             0           0
================================================================================
[2026-03-20T11:20:13.228+0000] {manager.py:878} INFO - 
================================================================================
DAG File Processing Stats

File Path                                  PID  Runtime      # DAGs    # Errors  Last Runtime    Last Run
---------------------------------------  -----  ---------  --------  ----------  --------------  -------------------
/opt/airflow/dags/dag_parsing_salary.py     60  0.00s             0           1  0.04s           2026-03-20T11:19:43
================================================================================
[2026-03-20T11:20:43.333+0000] {manager.py:878} INFO - 
================================================================================
DAG File Processing Stats

File Path                                  PID  Runtime      # DAGs    # Errors  Last Runtime    Last Run
---------------------------------------  -----  ---------  --------  ----------  --------------  -------------------
/opt/airflow/dags/dag_parsing_salary.py     67  0.01s             0           1  0.04s           2026-03-20T11:20:13
================================================================================
[2026-03-20T11:21:13.428+0000] {manager.py:878} INFO - 
================================================================================
DAG File Processing Stats

File Path                                  PID  Runtime      # DAGs    # Errors  Last Runtime    Last Run
---------------------------------------  -----  ---------  --------  ----------  --------------  -------------------
/opt/airflow/dags/dag_parsing_salary.py     73  0.00s             0           1  0.04s           2026-03-20T11:20:43
================================================================================
[2026-03-20T11:21:43.533+0000] {manager.py:878} INFO - 
================================================================================
DAG File Processing Stats

File Path                                  PID  Runtime      # DAGs    # Errors  Last Runtime    Last Run
---------------------------------------  -----  ---------  --------  ----------  --------------  -------------------
/opt/airflow/dags/dag_parsing_salary.py     80  0.00s             0           1  0.04s           2026-03-20T11:21:13
================================================================================
[2026-03-20T11:21:53.634+0000] {manager.py:452} INFO - Exiting gracefully upon receiving signal 15
[2026-03-20T11:22:28.084+0000] {manager.py:470} INFO - Processing files using up to 2 processes at a time 
[2026-03-20T11:22:28.085+0000] {manager.py:471} INFO - Process each file at most once every 30 seconds
[2026-03-20T11:22:28.086+0000] {manager.py:472} INFO - Checking for new files in /opt/airflow/dags every 300 seconds
[2026-03-20T11:22:28.086+0000] {manager.py:737} INFO - Searching for files in /opt/airflow/dags
[2026-03-20T11:22:28.087+0000] {manager.py:740} INFO - There are 1 files in /opt/airflow/dags
[2026-03-20T11:22:28.173+0000] {manager.py:878} INFO - 
================================================================================
DAG File Processing Stats

File Path                                  PID  Runtime      # DAGs    # Errors  Last Runtime    Last Run
---------------------------------------  -----  ---------  --------  ----------  --------------  ----------
/opt/airflow/dags/dag_parsing_salary.py     54  0.04s             0           0
================================================================================
[2026-03-20T11:22:58.415+0000] {manager.py:878} INFO - 
================================================================================
DAG File Processing Stats

File Path                                  PID  Runtime      # DAGs    # Errors  Last Runtime    Last Run
---------------------------------------  -----  ---------  --------  ----------  --------------  -------------------
/opt/airflow/dags/dag_parsing_salary.py     61  0.00s             0           1  0.05s           2026-03-20T11:22:28
================================================================================
[2026-03-20T11:23:28.518+0000] {manager.py:878} INFO - 
================================================================================
DAG File Processing Stats

File Path                                  PID  Runtime      # DAGs    # Errors  Last Runtime    Last Run
---------------------------------------  -----  ---------  --------  ----------  --------------  -------------------
/opt/airflow/dags/dag_parsing_salary.py     68  0.01s             0           1  0.04s           2026-03-20T11:22:58
================================================================================
[2026-03-20T11:23:58.618+0000] {manager.py:878} INFO - 
================================================================================
DAG File Processing Stats

File Path                                  PID  Runtime      # DAGs    # Errors  Last Runtime    Last Run
---------------------------------------  -----  ---------  --------  ----------  --------------  -------------------
/opt/airflow/dags/dag_parsing_salary.py     75  0.00s             0           1  0.04s           2026-03-20T11:23:28
================================================================================
[2026-03-20T11:24:28.713+0000] {manager.py:878} INFO - 
================================================================================
DAG File Processing Stats

File Path                                  PID  Runtime      # DAGs    # Errors  Last Runtime    Last Run
---------------------------------------  -----  ---------  --------  ----------  --------------  -------------------
/opt/airflow/dags/dag_parsing_salary.py     82  0.00s             0           1  0.05s           2026-03-20T11:23:58
================================================================================
[2026-03-20T11:24:58.818+0000] {manager.py:878} INFO - 
================================================================================
DAG File Processing Stats

File Path                                  PID  Runtime      # DAGs    # Errors  Last Runtime    Last Run
---------------------------------------  -----  ---------  --------  ----------  --------------  -------------------
/opt/airflow/dags/dag_parsing_salary.py     89  0.00s             0           1  0.04s           2026-03-20T11:24:28
================================================================================
[2026-03-20T11:25:28.917+0000] {manager.py:878} INFO - 
================================================================================
DAG File Processing Stats

File Path                                  PID  Runtime      # DAGs    # Errors  Last Runtime    Last Run
---------------------------------------  -----  ---------  --------  ----------  --------------  -------------------
/opt/airflow/dags/dag_parsing_salary.py     95  0.00s             0           1  0.04s           2026-03-20T11:24:58
================================================================================
[2026-03-20T11:25:59.026+0000] {manager.py:878} INFO - 
================================================================================
DAG File Processing Stats

File Path                                  PID  Runtime      # DAGs    # Errors  Last Runtime    Last Run
---------------------------------------  -----  ---------  --------  ----------  --------------  -------------------
/opt/airflow/dags/dag_parsing_salary.py    102  0.00s             0           1  0.04s           2026-03-20T11:25:28
================================================================================
[2026-03-20T11:26:29.132+0000] {manager.py:878} INFO - 
================================================================================
DAG File Processing Stats

File Path                                  PID  Runtime      # DAGs    # Errors  Last Runtime    Last Run
---------------------------------------  -----  ---------  --------  ----------  --------------  -------------------
/opt/airflow/dags/dag_parsing_salary.py    109  0.01s             0           1  0.05s           2026-03-20T11:25:59
================================================================================
[2026-03-20T11:26:59.238+0000] {manager.py:878} INFO - 
================================================================================
DAG File Processing Stats

File Path                                  PID  Runtime      # DAGs    # Errors  Last Runtime    Last Run
---------------------------------------  -----  ---------  --------  ----------  --------------  -------------------
/opt/airflow/dags/dag_parsing_salary.py    116  0.00s             0           1  0.04s           2026-03-20T11:26:29
================================================================================
[2026-03-20T11:27:28.343+0000] {manager.py:737} INFO - Searching for files in /opt/airflow/dags
[2026-03-20T11:27:28.344+0000] {manager.py:740} INFO - There are 1 files in /opt/airflow/dags
[2026-03-20T11:27:29.356+0000] {manager.py:878} INFO - 
================================================================================
DAG File Processing Stats

File Path                                  PID  Runtime      # DAGs    # Errors  Last Runtime    Last Run
---------------------------------------  -----  ---------  --------  ----------  --------------  -------------------
/opt/airflow/dags/dag_parsing_salary.py    123  0.01s             0           1  0.04s           2026-03-20T11:26:59
================================================================================
[2026-03-20T11:27:59.459+0000] {manager.py:878} INFO - 
================================================================================
DAG File Processing Stats

File Path                                  PID  Runtime      # DAGs    # Errors  Last Runtime    Last Run
---------------------------------------  -----  ---------  --------  ----------  --------------  -------------------
/opt/airflow/dags/dag_parsing_salary.py    130  0.00s             0           1  0.04s           2026-03-20T11:27:29
================================================================================
[2026-03-20T11:28:26.427+0000] {manager.py:452} INFO - Exiting gracefully upon receiving signal 15
[2026-03-20T11:29:05.490+0000] {manager.py:470} INFO - Processing files using up to 2 processes at a time 
[2026-03-20T11:29:05.491+0000] {manager.py:471} INFO - Process each file at most once every 30 seconds
[2026-03-20T11:29:05.491+0000] {manager.py:472} INFO - Checking for new files in /opt/airflow/dags every 300 seconds
[2026-03-20T11:29:05.491+0000] {manager.py:737} INFO - Searching for files in /opt/airflow/dags
[2026-03-20T11:29:05.493+0000] {manager.py:740} INFO - There are 1 files in /opt/airflow/dags
[2026-03-20T11:29:05.580+0000] {manager.py:878} INFO - 
================================================================================
DAG File Processing Stats

File Path                                  PID  Runtime      # DAGs    # Errors  Last Runtime    Last Run
---------------------------------------  -----  ---------  --------  ----------  --------------  ----------
/opt/airflow/dags/dag_parsing_salary.py     53  0.04s             0           0
================================================================================
[2026-03-20T11:29:35.831+0000] {manager.py:878} INFO - 
================================================================================
DAG File Processing Stats

File Path                                  PID  Runtime      # DAGs    # Errors  Last Runtime    Last Run
---------------------------------------  -----  ---------  --------  ----------  --------------  -------------------
/opt/airflow/dags/dag_parsing_salary.py     60  0.01s             0           1  0.05s           2026-03-20T11:29:05
================================================================================
[2026-03-20T11:30:05.927+0000] {manager.py:878} INFO - 
================================================================================
DAG File Processing Stats

File Path                                  PID  Runtime      # DAGs    # Errors  Last Runtime    Last Run
---------------------------------------  -----  ---------  --------  ----------  --------------  -------------------
/opt/airflow/dags/dag_parsing_salary.py     67  0.00s             0           1  0.04s           2026-03-20T11:29:35
================================================================================
[2026-03-20T11:30:36.022+0000] {manager.py:878} INFO - 
================================================================================
DAG File Processing Stats

File Path                                  PID  Runtime      # DAGs    # Errors  Last Runtime    Last Run
---------------------------------------  -----  ---------  --------  ----------  --------------  -------------------
/opt/airflow/dags/dag_parsing_salary.py     74  0.00s             0           1  0.04s           2026-03-20T11:30:05
================================================================================
[2026-03-20T11:30:57.833+0000] {manager.py:452} INFO - Exiting gracefully upon receiving signal 15
[2026-03-20T11:31:32.630+0000] {manager.py:470} INFO - Processing files using up to 2 processes at a time 
[2026-03-20T11:31:32.630+0000] {manager.py:471} INFO - Process each file at most once every 30 seconds
[2026-03-20T11:31:32.631+0000] {manager.py:472} INFO - Checking for new files in /opt/airflow/dags every 300 seconds
[2026-03-20T11:31:32.631+0000] {manager.py:737} INFO - Searching for files in /opt/airflow/dags
[2026-03-20T11:31:32.632+0000] {manager.py:740} INFO - There are 1 files in /opt/airflow/dags
[2026-03-20T11:31:32.720+0000] {manager.py:878} INFO - 
================================================================================
DAG File Processing Stats

File Path                                  PID  Runtime      # DAGs    # Errors  Last Runtime    Last Run
---------------------------------------  -----  ---------  --------  ----------  --------------  ----------
/opt/airflow/dags/dag_parsing_salary.py     53  0.04s             0           0
================================================================================
[2026-03-20T11:32:02.960+0000] {manager.py:878} INFO - 
================================================================================
DAG File Processing Stats

File Path                                  PID  Runtime      # DAGs    # Errors  Last Runtime    Last Run
---------------------------------------  -----  ---------  --------  ----------  --------------  -------------------
/opt/airflow/dags/dag_parsing_salary.py     60  0.01s             0           1  0.06s           2026-03-20T11:31:32
================================================================================
[2026-03-20T11:32:33.052+0000] {manager.py:878} INFO - 
================================================================================
DAG File Processing Stats

File Path                                  PID  Runtime      # DAGs    # Errors  Last Runtime    Last Run
---------------------------------------  -----  ---------  --------  ----------  --------------  -------------------
/opt/airflow/dags/dag_parsing_salary.py     67  0.00s             0           1  0.05s           2026-03-20T11:32:03
================================================================================
[2026-03-20T11:33:03.153+0000] {manager.py:878} INFO - 
================================================================================
DAG File Processing Stats

File Path                                  PID  Runtime      # DAGs    # Errors  Last Runtime    Last Run
---------------------------------------  -----  ---------  --------  ----------  --------------  -------------------
/opt/airflow/dags/dag_parsing_salary.py     74  0.01s             0           1  0.03s           2026-03-20T11:32:33
================================================================================
[2026-03-20T11:33:03.809+0000] {manager.py:452} INFO - Exiting gracefully upon receiving signal 15
[2026-03-20T11:33:36.702+0000] {manager.py:470} INFO - Processing files using up to 2 processes at a time 
[2026-03-20T11:33:36.702+0000] {manager.py:471} INFO - Process each file at most once every 30 seconds
[2026-03-20T11:33:36.703+0000] {manager.py:472} INFO - Checking for new files in /opt/airflow/dags every 300 seconds
[2026-03-20T11:33:36.703+0000] {manager.py:737} INFO - Searching for files in /opt/airflow/dags
[2026-03-20T11:33:36.704+0000] {manager.py:740} INFO - There are 1 files in /opt/airflow/dags
[2026-03-20T11:33:36.759+0000] {manager.py:878} INFO - 
================================================================================
DAG File Processing Stats

File Path                                  PID  Runtime      # DAGs    # Errors  Last Runtime    Last Run
---------------------------------------  -----  ---------  --------  ----------  --------------  ----------
/opt/airflow/dags/dag_parsing_salary.py     53  0.02s             0           0
================================================================================
[2026-03-20T11:34:06.993+0000] {manager.py:878} INFO - 
================================================================================
DAG File Processing Stats

File Path                                  PID  Runtime      # DAGs    # Errors  Last Runtime    Last Run
---------------------------------------  -----  ---------  --------  ----------  --------------  -------------------
/opt/airflow/dags/dag_parsing_salary.py     60  0.01s             0           1  0.05s           2026-03-20T11:33:36
================================================================================
[2026-03-20T11:34:37.093+0000] {manager.py:878} INFO - 
================================================================================
DAG File Processing Stats

File Path                                  PID  Runtime      # DAGs    # Errors  Last Runtime    Last Run
---------------------------------------  -----  ---------  --------  ----------  --------------  -------------------
/opt/airflow/dags/dag_parsing_salary.py     67  0.01s             0           1  0.04s           2026-03-20T11:34:07
================================================================================
[2026-03-20T11:35:07.200+0000] {manager.py:878} INFO - 
================================================================================
DAG File Processing Stats

File Path                                  PID  Runtime      # DAGs    # Errors  Last Runtime    Last Run
---------------------------------------  -----  ---------  --------  ----------  --------------  -------------------
/opt/airflow/dags/dag_parsing_salary.py     74  0.01s             0           1  0.04s           2026-03-20T11:34:37
================================================================================
[2026-03-20T11:35:37.319+0000] {manager.py:878} INFO - 
================================================================================
DAG File Processing Stats

File Path                                  PID  Runtime      # DAGs    # Errors  Last Runtime    Last Run
---------------------------------------  -----  ---------  --------  ----------  --------------  -------------------
/opt/airflow/dags/dag_parsing_salary.py     81  0.01s             0           1  0.05s           2026-03-20T11:35:07
================================================================================
[2026-03-20T11:36:07.424+0000] {manager.py:878} INFO - 
================================================================================
DAG File Processing Stats

File Path                                  PID  Runtime      # DAGs    # Errors  Last Runtime    Last Run
---------------------------------------  -----  ---------  --------  ----------  --------------  -------------------
/opt/airflow/dags/dag_parsing_salary.py     88  0.00s             0           1  0.04s           2026-03-20T11:35:37
================================================================================
[2026-03-20T11:36:11.899+0000] {manager.py:452} INFO - Exiting gracefully upon receiving signal 15
[2026-03-20T11:36:57.649+0000] {manager.py:470} INFO - Processing files using up to 2 processes at a time 
[2026-03-20T11:36:57.650+0000] {manager.py:471} INFO - Process each file at most once every 30 seconds
[2026-03-20T11:36:57.650+0000] {manager.py:472} INFO - Checking for new files in /opt/airflow/dags every 300 seconds
[2026-03-20T11:36:57.650+0000] {manager.py:737} INFO - Searching for files in /opt/airflow/dags
[2026-03-20T11:36:57.651+0000] {manager.py:740} INFO - There are 1 files in /opt/airflow/dags
[2026-03-20T11:36:57.719+0000] {manager.py:878} INFO - 
================================================================================
DAG File Processing Stats

File Path                                  PID  Runtime      # DAGs    # Errors  Last Runtime    Last Run
---------------------------------------  -----  ---------  --------  ----------  --------------  ----------
/opt/airflow/dags/dag_parsing_salary.py     53  0.03s             0           0
================================================================================
[2026-03-20T11:37:27.986+0000] {manager.py:878} INFO - 
================================================================================
DAG File Processing Stats

File Path                                  PID  Runtime      # DAGs    # Errors  Last Runtime    Last Run
---------------------------------------  -----  ---------  --------  ----------  --------------  -------------------
/opt/airflow/dags/dag_parsing_salary.py     60  0.01s             0           1  0.05s           2026-03-20T11:36:57
================================================================================
[2026-03-20T11:37:58.094+0000] {manager.py:878} INFO - 
================================================================================
DAG File Processing Stats

File Path                                  PID  Runtime      # DAGs    # Errors  Last Runtime    Last Run
---------------------------------------  -----  ---------  --------  ----------  --------------  -------------------
/opt/airflow/dags/dag_parsing_salary.py     67  0.00s             0           1  0.03s           2026-03-20T11:37:28
================================================================================
[2026-03-20T11:38:28.192+0000] {manager.py:878} INFO - 
================================================================================
DAG File Processing Stats

File Path                                  PID  Runtime      # DAGs    # Errors  Last Runtime    Last Run
---------------------------------------  -----  ---------  --------  ----------  --------------  -------------------
/opt/airflow/dags/dag_parsing_salary.py     74  0.01s             0           1  0.04s           2026-03-20T11:37:58
================================================================================
[2026-03-20T11:38:58.295+0000] {manager.py:878} INFO - 
================================================================================
DAG File Processing Stats

File Path                                  PID  Runtime      # DAGs    # Errors  Last Runtime    Last Run
---------------------------------------  -----  ---------  --------  ----------  --------------  -------------------
/opt/airflow/dags/dag_parsing_salary.py     81  0.01s             0           1  0.04s           2026-03-20T11:38:28
================================================================================
[2026-03-20T11:39:28.407+0000] {manager.py:878} INFO - 
================================================================================
DAG File Processing Stats

File Path                                  PID  Runtime      # DAGs    # Errors  Last Runtime    Last Run
---------------------------------------  -----  ---------  --------  ----------  --------------  -------------------
/opt/airflow/dags/dag_parsing_salary.py     88  0.00s             0           1  0.04s           2026-03-20T11:38:58
================================================================================
[2026-03-20T11:39:58.502+0000] {manager.py:878} INFO - 
================================================================================
DAG File Processing Stats

File Path                                  PID  Runtime      # DAGs    # Errors  Last Runtime    Last Run
---------------------------------------  -----  ---------  --------  ----------  --------------  -------------------
/opt/airflow/dags/dag_parsing_salary.py     95  0.00s             0           1  0.04s           2026-03-20T11:39:28
================================================================================
[2026-03-20T11:40:28.604+0000] {manager.py:878} INFO - 
================================================================================
DAG File Processing Stats

File Path                                  PID  Runtime      # DAGs    # Errors  Last Runtime    Last Run
---------------------------------------  -----  ---------  --------  ----------  --------------  -------------------
/opt/airflow/dags/dag_parsing_salary.py    102  0.00s             0           1  0.04s           2026-03-20T11:39:58
================================================================================
[2026-03-20T11:40:58.714+0000] {manager.py:878} INFO - 
================================================================================
DAG File Processing Stats

File Path                                  PID  Runtime      # DAGs    # Errors  Last Runtime    Last Run
---------------------------------------  -----  ---------  --------  ----------  --------------  -------------------
/opt/airflow/dags/dag_parsing_salary.py    109  0.00s             0           1  0.04s           2026-03-20T11:40:28
================================================================================
[2026-03-20T11:41:14.891+0000] {manager.py:452} INFO - Exiting gracefully upon receiving signal 15
[2026-03-20T11:41:49.596+0000] {manager.py:470} INFO - Processing files using up to 2 processes at a time 
[2026-03-20T11:41:49.596+0000] {manager.py:471} INFO - Process each file at most once every 30 seconds
[2026-03-20T11:41:49.597+0000] {manager.py:472} INFO - Checking for new files in /opt/airflow/dags every 300 seconds
[2026-03-20T11:41:49.597+0000] {manager.py:737} INFO - Searching for files in /opt/airflow/dags
[2026-03-20T11:41:49.598+0000] {manager.py:740} INFO - There are 1 files in /opt/airflow/dags
[2026-03-20T11:41:49.671+0000] {manager.py:878} INFO - 
================================================================================
DAG File Processing Stats

File Path                                  PID  Runtime      # DAGs    # Errors  Last Runtime    Last Run
---------------------------------------  -----  ---------  --------  ----------  --------------  ----------
/opt/airflow/dags/dag_parsing_salary.py     53  0.03s             0           0
================================================================================
[2026-03-20T11:42:19.962+0000] {manager.py:878} INFO - 
================================================================================
DAG File Processing Stats

File Path                                  PID  Runtime      # DAGs    # Errors  Last Runtime    Last Run
---------------------------------------  -----  ---------  --------  ----------  --------------  -------------------
/opt/airflow/dags/dag_parsing_salary.py     60  0.00s             0           1  0.05s           2026-03-20T11:41:49
================================================================================
[2026-03-20T11:42:50.071+0000] {manager.py:878} INFO - 
================================================================================
DAG File Processing Stats

File Path                                  PID  Runtime      # DAGs    # Errors  Last Runtime    Last Run
---------------------------------------  -----  ---------  --------  ----------  --------------  -------------------
/opt/airflow/dags/dag_parsing_salary.py     67  0.00s             0           1  0.04s           2026-03-20T11:42:19
================================================================================
[2026-03-20T11:42:57.009+0000] {manager.py:452} INFO - Exiting gracefully upon receiving signal 15
[2026-03-20T11:43:38.406+0000] {manager.py:470} INFO - Processing files using up to 2 processes at a time 
[2026-03-20T11:43:38.407+0000] {manager.py:471} INFO - Process each file at most once every 30 seconds
[2026-03-20T11:43:38.407+0000] {manager.py:472} INFO - Checking for new files in /opt/airflow/dags every 300 seconds
[2026-03-20T11:43:38.407+0000] {manager.py:737} INFO - Searching for files in /opt/airflow/dags
[2026-03-20T11:43:38.408+0000] {manager.py:740} INFO - There are 1 files in /opt/airflow/dags
[2026-03-20T11:43:38.460+0000] {manager.py:878} INFO - 
================================================================================
DAG File Processing Stats

File Path                                  PID  Runtime      # DAGs    # Errors  Last Runtime    Last Run
---------------------------------------  -----  ---------  --------  ----------  --------------  ----------
/opt/airflow/dags/dag_parsing_salary.py     53  0.02s             0           0
================================================================================
[2026-03-20T11:44:08.710+0000] {manager.py:878} INFO - 
================================================================================
DAG File Processing Stats

File Path                                  PID  Runtime      # DAGs    # Errors  Last Runtime    Last Run
---------------------------------------  -----  ---------  --------  ----------  --------------  -------------------
/opt/airflow/dags/dag_parsing_salary.py     60  0.00s             0           1  0.04s           2026-03-20T11:43:38
================================================================================
[2026-03-20T11:44:38.813+0000] {manager.py:878} INFO - 
================================================================================
DAG File Processing Stats

File Path                                  PID  Runtime      # DAGs    # Errors  Last Runtime    Last Run
---------------------------------------  -----  ---------  --------  ----------  --------------  -------------------
/opt/airflow/dags/dag_parsing_salary.py     67  0.00s             0           1  0.03s           2026-03-20T11:44:08
================================================================================
[2026-03-20T11:45:08.910+0000] {manager.py:878} INFO - 
================================================================================
DAG File Processing Stats

File Path                                  PID  Runtime      # DAGs    # Errors  Last Runtime    Last Run
---------------------------------------  -----  ---------  --------  ----------  --------------  -------------------
/opt/airflow/dags/dag_parsing_salary.py     73  0.00s             0           1  0.04s           2026-03-20T11:44:38
================================================================================
[2026-03-20T11:45:39.015+0000] {manager.py:878} INFO - 
================================================================================
DAG File Processing Stats

File Path                                  PID  Runtime      # DAGs    # Errors  Last Runtime    Last Run
---------------------------------------  -----  ---------  --------  ----------  --------------  -------------------
/opt/airflow/dags/dag_parsing_salary.py     80  0.00s             0           1  0.03s           2026-03-20T11:45:08
================================================================================
[2026-03-20T11:46:09.111+0000] {manager.py:878} INFO - 
================================================================================
DAG File Processing Stats

File Path                                  PID  Runtime      # DAGs    # Errors  Last Runtime    Last Run
---------------------------------------  -----  ---------  --------  ----------  --------------  -------------------
/opt/airflow/dags/dag_parsing_salary.py     87  0.01s             0           1  0.04s           2026-03-20T11:45:39
================================================================================
[2026-03-20T11:46:24.115+0000] {manager.py:452} INFO - Exiting gracefully upon receiving signal 15
