[0m17:47:22.290498 [debug] [MainThread]: Sending event: {'category': 'dbt', 'action': 'invocation', 'label': 'start', 'context': [<snowplow_tracker.self_describing_json.SelfDescribingJson object at 0x7f1187315eb0>, <snowplow_tracker.self_describing_json.SelfDescribingJson object at 0x7f1184b5bfb0>, <snowplow_tracker.self_describing_json.SelfDescribingJson object at 0x7f1184b59ac0>]}


============================== 17:47:22.299708 | 4fe3638e-4ba3-481d-833f-019cc27a7244 ==============================
[0m17:47:22.299708 [info ] [MainThread]: Running with dbt=1.9.0
[0m17:47:22.300183 [debug] [MainThread]: running dbt with arguments {'printer_width': '80', 'indirect_selection': 'eager', 'write_json': 'True', 'log_cache_events': 'False', 'partial_parse': 'True', 'cache_selected_only': 'False', 'profiles_dir': '/home/liza/.dbt', 'fail_fast': 'False', 'version_check': 'True', 'log_path': 'logs', 'warn_error': 'None', 'debug': 'False', 'use_colors': 'True', 'use_experimental_parser': 'False', 'no_print': 'None', 'quiet': 'False', 'empty': 'None', 'warn_error_options': 'WarnErrorOptions(include=[], exclude=[])', 'introspect': 'True', 'log_format': 'default', 'static_parser': 'True', 'target_path': 'None', 'invocation_command': 'dbt init dbt_job_salary', 'send_anonymous_usage_stats': 'True'}
[0m17:47:22.307109 [warn ] [MainThread]: [ConfigFolderDirectory]: Unable to parse logging event dictionary. Failed to parse dir field: expected string or bytes-like object, got 'PosixPath'.. Dictionary: {'dir': PosixPath('/home/liza/.dbt')}
[0m17:47:22.307439 [info ] [MainThread]: Creating dbt configuration folder at 
[0m17:47:22.308260 [debug] [MainThread]: Starter project path: /home/liza/projects/kaggle-data/.venv/lib/python3.12/site-packages/dbt/include/starter_project
[0m17:47:22.309359 [info ] [MainThread]: 
Your new dbt project "dbt_job_salary" was created!

For more information on how to configure the profiles.yml file,
please consult the dbt documentation here:

  https://docs.getdbt.com/docs/configure-your-profile

One more thing:

Need help? Don't hesitate to reach out to us via GitHub issues or on Slack:

  https://community.getdbt.com/

Happy modeling!

[0m17:47:22.309650 [info ] [MainThread]: Setting up your profile.
[0m17:47:52.481283 [info ] [MainThread]: Profile dbt_job_salary written to /home/liza/.dbt/profiles.yml using target's sample configuration. Once updated, you'll be able to start developing with dbt.
[0m17:47:52.481880 [debug] [MainThread]: Resource report: {"command_name": "init", "command_success": true, "command_wall_clock_time": 30.224165, "process_in_blocks": "24", "process_kernel_time": 0.068617, "process_mem_max_rss": "103052", "process_out_blocks": "448", "process_user_time": 0.868659}
[0m17:47:52.482236 [debug] [MainThread]: Command `dbt init` succeeded at 17:47:52.482169 after 30.22 seconds
[0m17:47:52.482506 [debug] [MainThread]: Sending event: {'category': 'dbt', 'action': 'invocation', 'label': 'end', 'context': [<snowplow_tracker.self_describing_json.SelfDescribingJson object at 0x7f1184d1a150>, <snowplow_tracker.self_describing_json.SelfDescribingJson object at 0x7f1184e86d80>, <snowplow_tracker.self_describing_json.SelfDescribingJson object at 0x7f1184638d40>]}
[0m17:47:52.482792 [debug] [MainThread]: Flushing usage events
[0m17:47:53.516368 [debug] [MainThread]: An error was encountered while trying to flush usage events
